03:53:40 **** Build of configuration Default for project Blackmagic ****
make PROBE_HOST=f4discovery all 
  GIT     include/version.h
/bin/sh: 1: git: not found
diff: include/version.h: No such file or directory
  CC      target/adiv5.c
  CC      target/adiv5_swdp.c
  CC      command.c
  CC      target/cortexa.c
  CC      target/cortexm.c
  CC      crc32.c
  CC      target/efm32.c
  CC      exception.c
  CC      platforms/stm32/gdb_if.c
  CC      gdb_main.c
  CC      gdb_hostio.c
  CC      gdb_packet.c
  CC      hex_utils.c
  CC      target/lmi.c
  CC      target/lpc_common.c
  CC      target/lpc11xx.c
  CC      target/lpc15xx.c
  CC      target/lpc43xx.c
  CC      target/kinetis.c
  CC      main.c
  CC      morse.c
  CC      target/nrf51.c
  CC      platforms/f4discovery/platform.c
  CC      target/sam3x.c
  CC      target/sam4l.c
  CC      target/samd.c
  CC      target/stm32f1.c
  CC      target/stm32f4.c
  CC      target/stm32l0.c
  CC      target/stm32l4.c
  CC      platforms/common/swdptap.c
  CC      target/swdptap_generic.c
  CC      target/target.c
  CC      platforms/common/cdcacm.c
  CC      platforms/stm32/traceswo.c
  CC      platforms/stm32/usbuart.c
  CC      platforms/stm32/serialno.c
  CC      platforms/common/timing.c
  CC      platforms/stm32/timing_stm32.c
  CC      target/adiv5_jtagdp.c
  CC      target/jtag_scan.c
  CC      platforms/stm32/jtagtap.c
  CC      target/jtagtap_generic.c
  LD      blackmagic
  OBJCOPY blackmagic.bin
03:54:21 **** Clean-only build of configuration Default for project Blackmagic ****
make PROBE_HOST=f4discovery clean 
  CLEAN
06:01:30 **** Build of configuration Default for project TP2_Move_correction ****
make all 
> Compiling main.c
arm-none-eabi-gcc -c -mcpu=cortex-m4 -O0 -ggdb -fomit-frame-pointer -falign-functions=16 -ffunction-sections -fdata-sections -fno-common -Wall -Wextra -Wundef -Wstrict-prototypes -DSTM32F4 -DSTM32F407xx -mthumb -mno-thumb-interwork -MD -MP -I. -I../ST main.c -o main.o
> Compiling gpio.c
arm-none-eabi-gcc -c -mcpu=cortex-m4 -O0 -ggdb -fomit-frame-pointer -falign-functions=16 -ffunction-sections -fdata-sections -fno-common -Wall -Wextra -Wundef -Wstrict-prototypes -DSTM32F4 -DSTM32F407xx -mthumb -mno-thumb-interwork -MD -MP -I. -I../ST gpio.c -o gpio.o
> Compiling timer.c
arm-none-eabi-gcc -c -mcpu=cortex-m4 -O0 -ggdb -fomit-frame-pointer -falign-functions=16 -ffunction-sections -fdata-sections -fno-common -Wall -Wextra -Wundef -Wstrict-prototypes -DSTM32F4 -DSTM32F407xx -mthumb -mno-thumb-interwork -MD -MP -I. -I../ST timer.c -o timer.o
> Compiling motor.c
arm-none-eabi-gcc -c -mcpu=cortex-m4 -O0 -ggdb -fomit-frame-pointer -falign-functions=16 -ffunction-sections -fdata-sections -fno-common -Wall -Wextra -Wundef -Wstrict-prototypes -DSTM32F4 -DSTM32F407xx -mthumb -mno-thumb-interwork -MD -MP -I. -I../ST motor.c -o motor.o
> Compiling selector.c
arm-none-eabi-gcc -c -mcpu=cortex-m4 -O0 -ggdb -fomit-frame-pointer -falign-functions=16 -ffunction-sections -fdata-sections -fno-common -Wall -Wextra -Wundef -Wstrict-prototypes -DSTM32F4 -DSTM32F407xx -mthumb -mno-thumb-interwork -MD -MP -I. -I../ST selector.c -o selector.o
> Compiling system_clock_config.c
arm-none-eabi-gcc -c -mcpu=cortex-m4 -O0 -ggdb -fomit-frame-pointer -falign-functions=16 -ffunction-sections -fdata-sections -fno-common -Wall -Wextra -Wundef -Wstrict-prototypes -DSTM32F4 -DSTM32F407xx -mthumb -mno-thumb-interwork -MD -MP -I. -I../ST ../ST/system_clock_config.c -o ../ST/system_clock_config.o
> Compiling stm32f4xx_ll_rcc.c
arm-none-eabi-gcc -c -mcpu=cortex-m4 -O0 -ggdb -fomit-frame-pointer -falign-functions=16 -ffunction-sections -fdata-sections -fno-common -Wall -Wextra -Wundef -Wstrict-prototypes -DSTM32F4 -DSTM32F407xx -mthumb -mno-thumb-interwork -MD -MP -I. -I../ST ../ST/stm32f4xx_ll_rcc.c -o ../ST/stm32f4xx_ll_rcc.o
> Compiling system_stm32f4xx.c
arm-none-eabi-gcc -c -mcpu=cortex-m4 -O0 -ggdb -fomit-frame-pointer -falign-functions=16 -ffunction-sections -fdata-sections -fno-common -Wall -Wextra -Wundef -Wstrict-prototypes -DSTM32F4 -DSTM32F407xx -mthumb -mno-thumb-interwork -MD -MP -I. -I../ST ../ST/system_stm32f4xx.c -o ../ST/system_stm32f4xx.o
> Compiling startup_stm32f407xx.s
arm-none-eabi-gcc -x assembler-with-cpp -c -mcpu=cortex-m4 -mthumb -mno-thumb-interwork -I. -I../ST ../ST/startup_stm32f407xx.s -o ../ST/startup_stm32f407xx.o
> Linking move.elf
arm-none-eabi-gcc main.o gpio.o timer.o motor.o selector.o ../ST/system_clock_config.o ../ST/stm32f4xx_ll_rcc.o ../ST/system_stm32f4xx.o ../ST/startup_stm32f407xx.o  -mcpu=cortex-m4 -O0 -ggdb -fomit-frame-pointer -falign-functions=16 -ffunction-sections -fdata-sections -fno-common -nostartfiles  -mthumb -mno-thumb-interwork -Wl,--no-warn-mismatch,--gc-sections,--script=../ST/STM32F407VGTx_FLASH.ld  -o move.elf
> Creating move.list
arm-none-eabi-objdump -d move.elf > move.list
> Creating move.size
arm-none-eabi-nm --size-sort --print-size move.elf > move.size
> Creating move.mem
arm-none-eabi-nm --numeric-sort --print-size move.elf > move.mem
arm-none-eabi-size move.elf
   text	   data	    bss	    dec	    hex	filename
   5532	      4	   1556	   7092	   1bb4	move.elf
> Done
06:01:44 **** Incremental Build of configuration Default for project TP2_Move_correction ****
make all 
arm-none-eabi-size move.elf
   text	   data	    bss	    dec	    hex	filename
   5532	      4	   1556	   7092	   1bb4	move.elf
> Done
06:03:52 **** Incremental Build of configuration Default for project TP2_Move_correction ****
make all 
arm-none-eabi-size move.elf
   text	   data	    bss	    dec	    hex	filename
   5532	      4	   1556	   7092	   1bb4	move.elf
> Done
06:04:07 **** Incremental Build of configuration Default for project TP2_Move_correction ****
make all 
arm-none-eabi-size move.elf
   text	   data	    bss	    dec	    hex	filename
   5532	      4	   1556	   7092	   1bb4	move.elf
> Done
06:04:33 **** Incremental Build of configuration Default for project TP2_Move_correction ****
make all 
arm-none-eabi-size move.elf
   text	   data	    bss	    dec	    hex	filename
   5532	      4	   1556	   7092	   1bb4	move.elf
> Done
06:04:59 **** Incremental Build of configuration Default for project TP2_Move_correction ****
make all 
arm-none-eabi-size move.elf
   text	   data	    bss	    dec	    hex	filename
   5532	      4	   1556	   7092	   1bb4	move.elf
> Done
06:05:39 **** Clean-only build of configuration Default for project TP2_Move_correction ****
make clean 
> Cleaning
rm -f main.o gpio.o timer.o motor.o selector.o ../ST/system_clock_config.o ../ST/stm32f4xx_ll_rcc.o ../ST/system_stm32f4xx.o ../ST/startup_stm32f407xx.o
rm main.d gpio.d timer.d motor.d selector.d ../ST/system_clock_config.d ../ST/stm32f4xx_ll_rcc.d ../ST/system_stm32f4xx.d
rm -f move.elf move.list move.size move.mem
> Done
17:15:40 **** Build of configuration Default for project Project ****
make all 
arm-none-eabi-ar rcs libssp.a
arm-none-eabi-ar rcs libssp_nonshared.a
Compiler Options
arm-none-eabi-gcc -c -mcpu=cortex-m4 -O2 -ggdb -fomit-frame-pointer -falign-functions=16 -fno-strict-aliasing -fstack-protector-all -L . -ffunction-sections -fdata-sections -fno-common -mfloat-abi=hard -mfpu=fpv4-sp-d16 -fsingle-precision-constant -Wall -Wextra -Wundef -Wstrict-prototypes -Wno-implicit-fallthrough -Wa,-alms=build/lst/ -DCORTEX_USE_FPU=TRUE -DSTDOUT_SD=SDU1 -DSTDIN_SD=SDU1 -DARM_MATH_CM4 -D__FPU_PRESENT -DTHUMB_PRESENT -mno-thumb-interwork -DTHUMB_NO_INTERWORKING -MD -MP -MF .dep/build.d -I. -I../e-puck2_main-processor/ChibiOS_ext/os/hal/include -I../e-puck2_main-processor/ChibiOS_ext/os/hal/ports/STM32/STM32F4xx -I../e-puck2_main-processor/src/epuck1x -I../e-puck2_main-processor/src/ -I../e-puck2_main-processor/ChibiOS//os/common/ports/ARMCMx/devices/STM32F4xx -I../e-puck2_main-processor/ChibiOS//os/ext/CMSIS/include -I../e-puck2_main-processor/ChibiOS//os/ext/CMSIS/ST -I../e-puck2_main-processor/ChibiOS//os/rt/include -I../e-puck2_main-processor/ChibiOS//os/rt/ports/ARMCMx -I../e-puck2_main-processor/ChibiOS//os/rt/ports/ARMCMx/compilers/GCC -I../e-puck2_main-processor/ChibiOS//os/hal/osal/rt -I../e-puck2_main-processor/ChibiOS//os/hal/include -I../e-puck2_main-processor/ChibiOS//os/hal/ports/common/ARMCMx -I../e-puck2_main-processor/ChibiOS//os/hal/ports/STM32/STM32F4xx -I../e-puck2_main-processor/ChibiOS//os/hal/ports/STM32/LLD -I../e-puck2_main-processor/ChibiOS//os/hal/ports/STM32/LLD/DACv1 -I../e-puck2_main-processor/ChibiOS//os/hal/ports/STM32/LLD/GPIOv2 -I../e-puck2_main-processor/ChibiOS//os/hal/ports/STM32/LLD/I2Cv1 -I../e-puck2_main-processor/ChibiOS//os/hal/ports/STM32/LLD/OTGv1 -I../e-puck2_main-processor/ChibiOS//os/hal/ports/STM32/LLD/RTCv2 -I../e-puck2_main-processor/ChibiOS//os/hal/ports/STM32/LLD/SPIv1 -I../e-puck2_main-processor/ChibiOS//os/hal/ports/STM32/LLD/TIMv1 -I../e-puck2_main-processor/ChibiOS//os/hal/ports/STM32/LLD/USARTv1 -I../e-puck2_main-processor/ChibiOS//os/hal/ports/STM32/LLD/FSMCv1 -I../e-puck2_main-processor/ChibiOS_ext//os/hal/boards/epuck2 -I../e-puck2_main-processor/ChibiOS//test/rt -I../e-puck2_main-processor/ChibiOS//os/various -I../e-puck2_main-processor/ChibiOS//os/hal/lib/streams -I../e-puck2_main-processor/aseba -I../e-puck2_main-processor/ChibiOS_ext//ext/fatfs/src -I../e-puck2_main-processor/src main.c -o main.o

[1;34mCompiling crt0_v7m.s[0m
[1;34mCompiling chcoreasm_v7m.s[0m
[1;34mCompiling main.c[0m
[1;34mCompiling spi3_slave_lld.c[0m
[1;34mCompiling dcmi_lld.c[0m
[1;34mCompiling dcmi.c[0m
[1;34mCompiling spi3_slave.c[0m
[1;34mCompiling audio_thread.c[0m
[1;34mCompiling microphone.c[0m
[1;34mCompiling mp45dt02_processing.c[0m
[1;34mCompiling play_melody.c[0m
[1;34mCompiling button.c[0m
[1;34mCompiling camera.c[0m
[1;34mCompiling dcmi_camera.c[0m
[1;34mCompiling ov2640.c[0m
[1;34mCompiling ov7670.c[0m
[1;34mCompiling po6030.c[0m
[1;34mCompiling po8030.c[0m
[1;34mCompiling cmd.c[0m
[1;34mCompiling Asercom.c[0m
[1;34mCompiling Asercom2.c[0m
[1;34mCompiling DataEEPROM.c[0m
[1;34mCompiling e_I2C_protocol.c[0m
[1;34mCompiling e_acc.c[0m
[1;34mCompiling e_ad_conv.c[0m
[1;34mCompiling e_micro.c[0m
[1;34mCompiling e_prox.c[0m
[1;34mCompiling e_lsm330.c[0m
[1;34mCompiling e_common.c[0m
[1;34mCompiling e_sound.c[0m
[1;34mCompiling e_agenda.c[0m
[1;34mCompiling e_led.c[0m
[1;34mCompiling e_motors.c[0m
[1;34mCompiling e_remote_control.c[0m
[1;34mCompiling e_init_port.c[0m
[1;34mCompiling e_uart_char.c[0m
[1;34mCompiling utility.c[0m
[1;34mCompiling exti.c[0m
[1;34mCompiling flash.c[0m
[1;34mCompiling i2c_bus.c[0m
[1;34mCompiling ir_remote.c[0m
[1;34mCompiling leds.c[0m
[1;34mCompiling memory_protection.c[0m
[1;34mCompiling motors.c[0m
[1;34mCompiling panic.c[0m
[1;34mCompiling selector.c[0m
[1;34mCompiling battery_level.c[0m
[1;34mCompiling ground.c[0m
[1;34mCompiling imu.c[0m
[1;34mCompiling mpu9250.c[0m
[1;34mCompiling proximity.c[0m
[1;34mCompiling serial_comm.c[0m
[1;34mCompiling spi_comm.c[0m
[1;34mCompiling sdio.c[0m
[1;34mCompiling usbcfg.c[0m
[1;34mCompiling uc_usage.c[0m
[1;34mCompiling malloc_lock.c[0m
[1;34mCompiling newlib_syscalls.c[0m
[1;34mCompiling port.c[0m
[1;34mCompiling communication.c[0m
[1;34mCompiling config_flash_storage.c[0m
[1;34mCompiling vl53l0x_api.c[0m
[1;34mCompiling vl53l0x_api_calibration.c[0m
[1;34mCompiling vl53l0x_api_core.c[0m
[1;34mCompiling vl53l0x_api_ranging.c[0m
[1;34mCompiling vl53l0x_api_strings.c[0m
[1;34mCompiling vl53l0x_i2c_platform.c[0m
[1;34mCompiling vl53l0x_platform.c[0m
[1;34mCompiling VL53L0X.c[0m
[1;34mCompiling serial_datagram.c[0m
[1;34mCompiling cmp.c[0m
[1;34mCompiling cmp_mem_access.c[0m
[1;34mCompiling crc16.c[0m
[1;34mCompiling crc32.c[0m
[1;34mCompiling messagebus.c[0m
[1;34mCompiling parameter.c[0m
[1;34mCompiling parameter_msgpack.c[0m
[1;34mCompiling parameter_print.c[0m
[1;34mCompiling fat.c[0m
[1;34mCompiling play_sound_file.c[0m
[1;34mCompiling behaviors.c[0m
[1;34mCompiling ircom.c[0m
[1;34mCompiling ircomReceive.c[0m
[1;34mCompiling ircomTools.c[0m
[1;34mCompiling ircomMessages.c[0m
[1;34mCompiling ircomSend.c[0m
[1;34mCompiling transceiver.c[0m
[1;34mCompiling crt1.c[0m
[1;34mCompiling vectors.c[0m
[1;34mCompiling chsys.c[0m
[1;34mCompiling chdebug.c[0m
[1;34mCompiling chvt.c[0m
[1;34mCompiling chschd.c[0m
[1;34mCompiling chthreads.c[0m
[1;34mCompiling chtm.c[0m
[1;34mCompiling chstats.c[0m
[1;34mCompiling chdynamic.c[0m
[1;34mCompiling chregistry.c[0m
[1;34mCompiling chsem.c[0m
[1;34mCompiling chmtx.c[0m
[1;34mCompiling chcond.c[0m
[1;34mCompiling chevents.c[0m
[1;34mCompiling chmsg.c[0m
[1;34mCompiling chmboxes.c[0m
[1;34mCompiling chqueues.c[0m
[1;34mCompiling chmemcore.c[0m
[1;34mCompiling chheap.c[0m
[1;34mCompiling chmempools.c[0m
[1;34mCompiling chcore.c[0m
[1;34mCompiling chcore_v7m.c[0m
[1;34mCompiling osal.c[0m
[1;34mCompiling hal.c[0m
[1;34mCompiling hal_queues.c[0m
[1;34mCompiling hal_mmcsd.c[0m
[1;34mCompiling adc.c[0m
[1;34mCompiling can.c[0m
[1;34mCompiling dac.c[0m
[1;34mCompiling ext.c[0m
[1;34mCompiling gpt.c[0m
[1;34mCompiling i2c.c[0m
[1;34mCompiling i2s.c[0m
[1;34mCompiling icu.c[0m
[1;34mCompiling mac.c[0m
[1;34mCompiling mmc_spi.c[0m
[1;34mCompiling pal.c[0m
[1;34mCompiling pwm.c[0m
[1;34mCompiling rtc.c[0m
[1;34mCompiling sdc.c[0m
[1;34mCompiling serial.c[0m
[1;34mCompiling serial_usb.c[0m
[1;34mCompiling spi.c[0m
[1;34mCompiling st.c[0m
[1;34mCompiling uart.c[0m
[1;34mCompiling usb.c[0m
[1;34mCompiling nvic.c[0m
[1;34mCompiling stm32_dma.c[0m
[1;34mCompiling hal_lld.c[0m
[1;34mCompiling adc_lld.c[0m
[1;34mCompiling ext_lld_isr.c[0m
[1;34mCompiling can_lld.c[0m
[1;34mCompiling ext_lld.c[0m
[1;34mCompiling mac_lld.c[0m
[1;34mCompiling sdc_lld.c[0m
[1;34mCompiling dac_lld.c[0m
[1;34mCompiling pal_lld.c[0m
[1;34mCompiling i2c_lld.c[0m
[1;34mCompiling usb_lld.c[0m
[1;34mCompiling rtc_lld.c[0m
[1;34mCompiling i2s_lld.c[0m
[1;34mCompiling spi_lld.c[0m
[1;34mCompiling gpt_lld.c[0m
[1;34mCompiling icu_lld.c[0m
[1;34mCompiling pwm_lld.c[0m
[1;34mCompiling st_lld.c[0m
[1;34mCompiling serial_lld.c[0m
[1;34mCompiling uart_lld.c[0m
[1;34mCompiling board.c[0m
[1;34mCompiling test.c[0m
[1;34mCompiling testthd.c[0m
[1;34mCompiling testsem.c[0m
[1;34mCompiling testmtx.c[0m
[1;34mCompiling testmsg.c[0m
[1;34mCompiling testmbox.c[0m
[1;34mCompiling testevt.c[0m
[1;34mCompiling testheap.c[0m
[1;34mCompiling testpools.c[0m
[1;34mCompiling testdyn.c[0m
[1;34mCompiling testqueues.c[0m
[1;34mCompiling testsys.c[0m
[1;34mCompiling testbmk.c[0m
[1;34mCompiling shell.c[0m
[1;34mCompiling memstreams.c[0m
[1;34mCompiling chprintf.c[0m
[1;34mCompiling fatfs_diskio.c[0m
[1;34mCompiling fatfs_syscall.c[0m
[1;34mCompiling ff.c[0m
[1;34mCompiling unicode.c[0m
[1;34mCompiling vm-buffer.c[0m
[1;34mCompiling can-buffer.c[0m
[1;34mCompiling can-net.c[0m
[1;34mCompiling natives.c[0m
[1;34mCompiling vm.c[0m
[1;34mCompiling aseba_can_interface.c[0m
[1;34mCompiling aseba_node.c[0m
[1;34mCompiling skel_user.c[0m
[1;34mCompiling aseba_bridge.c[0m
[1;34mLinking build/Project_template.elf[0m
[1;34mCreating build/Project_template.hex[0m
[1;34mCreating build/Project_template.bin[0m
[1;34mCreating build/Project_template.dmp[0m

   text	   data	    bss	    dec	    hex	filename
  47908	   2948	   6236	  57092	   df04	build/Project_template.elf
[1;34mCreating build/Project_template.list[0m

[1;34mDone[0m
17:32:03 **** Incremental Build of configuration Default for project Project ****
make all 
[1;34mCompiling main.c[0m
[1;34mLinking build/Project_template.elf[0m
[1;34mCreating build/Project_template.hex[0m
[1;34mCreating build/Project_template.bin[0m
[1;34mCreating build/Project_template.dmp[0m

   text	   data	    bss	    dec	    hex	filename
  62244	   3068	  16868	  82180	  14104	build/Project_template.elf
[1;34mCreating build/Project_template.list[0m

[1;34mDone[0m
17:32:17 **** Incremental Build of configuration Default for project Project ****
make all 
make: Nothing to be done for 'all'.
17:34:10 **** Incremental Build of configuration Default for project Project ****
make all 
make: Nothing to be done for 'all'.
13:21:33 **** Build of configuration Default for project Project ****
make all 
[1;34mCompiling crt0_v7m.s[0m
[1;34mCompiling chcoreasm_v7m.s[0m
[1;34mCompiling main.c[0m
main.c:27:6: warning: function declaration isn't a prototype [-Wstrict-prototypes]
 void follow_wall(){
      ^~~~~~~~~~~
main.c: In function 'follow_wall':
main.c:29:5: error: 'pSide' undeclared (first use in this function); did you mean 'pipe'?
     pSide = get_calibrated_prox(prefSide); // these need mapping to a certain sensor based on which side is currently being followed
     ^~~~~
     pipe
main.c:29:5: note: each undeclared identifier is reported only once for each function it appears in
main.c:29:33: error: 'prefSide' undeclared (first use in this function); did you mean 'pSide'?
     pSide = get_calibrated_prox(prefSide); // these need mapping to a certain sensor based on which side is currently being followed
                                 ^~~~~~~~
                                 pSide
main.c:30:5: error: 'oSide' undeclared (first use in this function); did you mean 'pSide'?
     oSide = get_calibrated_prox(offSide);
     ^~~~~
     pSide
main.c:30:33: error: 'offSide' undeclared (first use in this function); did you mean 'oSide'?
     oSide = get_calibrated_prox(offSide);
                                 ^~~~~~~
                                 oSide
main.c:31:5: error: 'pCorner' undeclared (first use in this function)
     pCorner = get_calibrated_prox(prefCorner);
     ^~~~~~~
main.c:31:35: error: 'prefCorner' undeclared (first use in this function); did you mean 'pCorner'?
     pCorner = get_calibrated_prox(prefCorner);
                                   ^~~~~~~~~~
                                   pCorner
main.c:32:5: error: 'oCorner' undeclared (first use in this function); did you mean 'pCorner'?
     oCorner = get_calibrated_prox(offCorner);
     ^~~~~~~
     pCorner
main.c:32:35: error: 'offCorner' undeclared (first use in this function); did you mean 'oCorner'?
     oCorner = get_calibrated_prox(offCorner);
                                   ^~~~~~~~~
                                   oCorner
main.c:33:5: error: 'pFront' undeclared (first use in this function); did you mean 'chroot'?
     pFront = get_calibrated_prox(prefFront);
     ^~~~~~
     chroot
main.c:33:34: error: 'prefFront' undeclared (first use in this function); did you mean 'pFront'?
     pFront = get_calibrated_prox(prefFront);
                                  ^~~~~~~~~
                                  pFront
main.c:34:5: error: 'oFront' undeclared (first use in this function); did you mean 'pFront'?
     oFront = get_calibrated_prox(offFront);
     ^~~~~~
     pFront
main.c:34:34: error: 'offFront' undeclared (first use in this function); did you mean 'oFront'?
     oFront = get_calibrated_prox(offFront);
                                  ^~~~~~~~
                                  oFront
main.c:35:15: error: 'minirread' undeclared (first use in this function)
     if (pSide<minirread){
               ^~~~~~~~~
main.c:37:5: error: 'wheelRatio' undeclared (first use in this function)
     wheelRatio = 0.9;
     ^~~~~~~~~~
main.c:38:22: error: 'maxirread' undeclared (first use in this function); did you mean 'minirread'?
    } else if ((pSide>maxirread && oSide<maxirread) || (pCorner>maxirread && oCorner<maxirread)){
                      ^~~~~~~~~
                      minirread
main.c:46:33: error: 'followSide' undeclared (first use in this function); did you mean 'offSide'?
     left_motor_set_speed(-500 * followSide);
                                 ^~~~~~~~~~
                                 offSide
main.c:65:15: error: 'followside' undeclared (first use in this function); did you mean 'followSide'?
    } else if (followside ==1){
               ^~~~~~~~~~
               followSide
main.c: In function 'main':
main.c:186:4: error: 'prefBack' undeclared (first use in this function); did you mean 'prefSide'?
    prefBack = 3;
    ^~~~~~~~
    prefSide
main.c:190:4: error: 'offBack' undeclared (first use in this function); did you mean 'prefBack'?
    offBack = 4;
    ^~~~~~~
    prefBack
main.c:224:17: warning: implicit declaration of function 'delay_ms' [-Wimplicit-function-declaration]
                 delay_ms(500); // rotate for a certain amount of time
                 ^~~~~~~~
main.c:250:21: error: 'followside' undeclared (first use in this function); did you mean 'followSide'?
                     followside = 0; // ignore these two
                     ^~~~~~~~~~
                     followSide
main.c:130:9: warning: unused variable 'oFront' [-Wunused-variable]
     int oFront;
         ^~~~~~
main.c:129:9: warning: unused variable 'pFront' [-Wunused-variable]
     int pFront;
         ^~~~~~
main.c:128:9: warning: unused variable 'oCorner' [-Wunused-variable]
     int oCorner;
         ^~~~~~~
main.c:127:9: warning: unused variable 'pCorner' [-Wunused-variable]
     int pCorner;
         ^~~~~~~
main.c:126:9: warning: unused variable 'oSide' [-Wunused-variable]
     int oSide;
         ^~~~~
main.c:125:9: warning: unused variable 'pSide' [-Wunused-variable]
     int pSide;
         ^~~~~
main.c:123:11: warning: unused variable 'wheelRatio' [-Wunused-variable]
     float wheelRatio = 1;
           ^~~~~~~~~~
main.c:121:9: warning: unused variable 'minirread' [-Wunused-variable]
     int minirread = 300;
         ^~~~~~~~~
main.c:120:9: warning: unused variable 'maxirread' [-Wunused-variable]
     int maxirread = 1000;
         ^~~~~~~~~
main.c:118:9: warning: variable 'offFront' set but not used [-Wunused-but-set-variable]
     int offFront;
         ^~~~~~~~
main.c:117:9: warning: variable 'prefFront' set but not used [-Wunused-but-set-variable]
     int prefFront;
         ^~~~~~~~~
main.c:116:9: warning: variable 'offCorner' set but not used [-Wunused-but-set-variable]
     int offCorner;
         ^~~~~~~~~
main.c:115:9: warning: variable 'prefCorner' set but not used [-Wunused-but-set-variable]
     int prefCorner;
         ^~~~~~~~~~
main.c:114:9: warning: variable 'offSide' set but not used [-Wunused-but-set-variable]
     int offSide;
         ^~~~~~~
main.c:113:9: warning: variable 'prefSide' set but not used [-Wunused-but-set-variable]
     int prefSide; // for which sensor is which once a wall follow side is decided - will be set during loop
         ^~~~~~~~
main.c:104:9: warning: variable 'SensorValue' set but not used [-Wunused-but-set-variable]
     int SensorValue[8];
         ^~~~~~~~~~~
main.c:95:17: warning: unused variable 'allRGBs' [-Wunused-variable]
  rgb_led_name_t allRGBs[] = {LED2, LED4, LED6, LED8};
                 ^~~~~~~
main.c: At top level:
main.c:272:1: error: expected identifier or '(' before '}' token
 }   // int min void end
 ^
make: *** [../e-puck2_main-processor/ChibiOS//os/common/ports/ARMCMx/compilers/GCC/rules.mk:217: build/obj/main.o] Error 1
"make all" terminated with exit code 2. Build might be incomplete.
13:31:46 **** Incremental Build of configuration Default for project Project ****
make all 
[1;34mCompiling main.c[0m
main.c:27:6: warning: function declaration isn't a prototype [-Wstrict-prototypes]
 void follow_wall(){
      ^~~~~~~~~~~
main.c: In function 'follow_wall':
main.c:29:5: error: 'pSide' undeclared (first use in this function); did you mean 'pipe'?
     pSide = get_calibrated_prox(prefSide); // these need mapping to a certain sensor based on which side is currently being followed
     ^~~~~
     pipe
main.c:29:5: note: each undeclared identifier is reported only once for each function it appears in
main.c:29:33: error: 'prefSide' undeclared (first use in this function); did you mean 'pSide'?
     pSide = get_calibrated_prox(prefSide); // these need mapping to a certain sensor based on which side is currently being followed
                                 ^~~~~~~~
                                 pSide
main.c:30:5: error: 'oSide' undeclared (first use in this function); did you mean 'pSide'?
     oSide = get_calibrated_prox(offSide);
     ^~~~~
     pSide
main.c:30:33: error: 'offSide' undeclared (first use in this function); did you mean 'oSide'?
     oSide = get_calibrated_prox(offSide);
                                 ^~~~~~~
                                 oSide
main.c:31:5: error: 'pCorner' undeclared (first use in this function)
     pCorner = get_calibrated_prox(prefCorner);
     ^~~~~~~
main.c:31:35: error: 'prefCorner' undeclared (first use in this function); did you mean 'pCorner'?
     pCorner = get_calibrated_prox(prefCorner);
                                   ^~~~~~~~~~
                                   pCorner
main.c:32:5: error: 'oCorner' undeclared (first use in this function); did you mean 'pCorner'?
     oCorner = get_calibrated_prox(offCorner);
     ^~~~~~~
     pCorner
main.c:32:35: error: 'offCorner' undeclared (first use in this function); did you mean 'oCorner'?
     oCorner = get_calibrated_prox(offCorner);
                                   ^~~~~~~~~
                                   oCorner
main.c:33:5: error: 'pFront' undeclared (first use in this function); did you mean 'chroot'?
     pFront = get_calibrated_prox(prefFront);
     ^~~~~~
     chroot
main.c:33:34: error: 'prefFront' undeclared (first use in this function); did you mean 'pFront'?
     pFront = get_calibrated_prox(prefFront);
                                  ^~~~~~~~~
                                  pFront
main.c:34:5: error: 'oFront' undeclared (first use in this function); did you mean 'pFront'?
     oFront = get_calibrated_prox(offFront);
     ^~~~~~
     pFront
main.c:34:34: error: 'offFront' undeclared (first use in this function); did you mean 'oFront'?
     oFront = get_calibrated_prox(offFront);
                                  ^~~~~~~~
                                  oFront
main.c:35:15: error: 'minirread' undeclared (first use in this function)
     if (pSide<minirread){
               ^~~~~~~~~
main.c:37:5: error: 'wheelRatio' undeclared (first use in this function)
     wheelRatio = 0.9;
     ^~~~~~~~~~
main.c:38:22: error: 'maxirread' undeclared (first use in this function); did you mean 'minirread'?
    } else if ((pSide>maxirread && oSide<maxirread) || (pCorner>maxirread && oCorner<maxirread)){
                      ^~~~~~~~~
                      minirread
main.c:46:33: error: 'followSide' undeclared (first use in this function); did you mean 'offSide'?
     left_motor_set_speed(-500 * followSide);
                                 ^~~~~~~~~~
                                 offSide
main.c:65:15: error: 'followside' undeclared (first use in this function); did you mean 'followSide'?
    } else if (followside ==1){
               ^~~~~~~~~~
               followSide
main.c: In function 'main':
main.c:188:4: error: 'prefBack' undeclared (first use in this function); did you mean 'prefSide'?
    prefBack = 3;
    ^~~~~~~~
    prefSide
main.c:192:4: error: 'offBack' undeclared (first use in this function); did you mean 'prefBack'?
    offBack = 4;
    ^~~~~~~
    prefBack
main.c:227:17: warning: implicit declaration of function 'delay_ms' [-Wimplicit-function-declaration]
                 delay_ms(500); // rotate for a certain amount of time
                 ^~~~~~~~
main.c:255:21: error: 'followside' undeclared (first use in this function); did you mean 'followSide'?
                     followside = 0; // ignore these two
                     ^~~~~~~~~~
                     followSide
main.c:130:9: warning: unused variable 'oFront' [-Wunused-variable]
     int oFront;
         ^~~~~~
main.c:129:9: warning: unused variable 'pFront' [-Wunused-variable]
     int pFront;
         ^~~~~~
main.c:128:9: warning: unused variable 'oCorner' [-Wunused-variable]
     int oCorner;
         ^~~~~~~
main.c:127:9: warning: unused variable 'pCorner' [-Wunused-variable]
     int pCorner;
         ^~~~~~~
main.c:126:9: warning: unused variable 'oSide' [-Wunused-variable]
     int oSide;
         ^~~~~
main.c:125:9: warning: unused variable 'pSide' [-Wunused-variable]
     int pSide;
         ^~~~~
main.c:123:11: warning: unused variable 'wheelRatio' [-Wunused-variable]
     float wheelRatio = 1;
           ^~~~~~~~~~
main.c:121:9: warning: unused variable 'minirread' [-Wunused-variable]
     int minirread = 300;
         ^~~~~~~~~
main.c:120:9: warning: unused variable 'maxirread' [-Wunused-variable]
     int maxirread = 1000;
         ^~~~~~~~~
main.c:118:9: warning: variable 'offFront' set but not used [-Wunused-but-set-variable]
     int offFront;
         ^~~~~~~~
main.c:117:9: warning: variable 'prefFront' set but not used [-Wunused-but-set-variable]
     int prefFront;
         ^~~~~~~~~
main.c:116:9: warning: variable 'offCorner' set but not used [-Wunused-but-set-variable]
     int offCorner;
         ^~~~~~~~~
main.c:115:9: warning: variable 'prefCorner' set but not used [-Wunused-but-set-variable]
     int prefCorner;
         ^~~~~~~~~~
main.c:114:9: warning: variable 'offSide' set but not used [-Wunused-but-set-variable]
     int offSide;
         ^~~~~~~
main.c:113:9: warning: variable 'prefSide' set but not used [-Wunused-but-set-variable]
     int prefSide; // for which sensor is which once a wall follow side is decided - will be set during loop
         ^~~~~~~~
main.c:104:9: warning: variable 'SensorValue' set but not used [-Wunused-but-set-variable]
     int SensorValue[8];
         ^~~~~~~~~~~
main.c:95:17: warning: unused variable 'allRGBs' [-Wunused-variable]
  rgb_led_name_t allRGBs[] = {LED2, LED4, LED6, LED8};
                 ^~~~~~~
main.c: At top level:
main.c:277:1: error: expected identifier or '(' before '}' token
 }   // int min void end
 ^
make: *** [../e-puck2_main-processor/ChibiOS//os/common/ports/ARMCMx/compilers/GCC/rules.mk:217: build/obj/main.o] Error 1
"make all" terminated with exit code 2. Build might be incomplete.
13:33:18 **** Incremental Build of configuration Default for project Project ****
make all 
[1;34mCompiling main.c[0m
main.c:27:6: warning: function declaration isn't a prototype [-Wstrict-prototypes]
 void follow_wall(){
      ^~~~~~~~~~~
main.c: In function 'follow_wall':
main.c:29:5: error: 'pSide' undeclared (first use in this function); did you mean 'pipe'?
     pSide = get_calibrated_prox(prefSide); // these need mapping to a certain sensor based on which side is currently being followed
     ^~~~~
     pipe
main.c:29:5: note: each undeclared identifier is reported only once for each function it appears in
main.c:29:33: error: 'prefSide' undeclared (first use in this function); did you mean 'pSide'?
     pSide = get_calibrated_prox(prefSide); // these need mapping to a certain sensor based on which side is currently being followed
                                 ^~~~~~~~
                                 pSide
main.c:30:5: error: 'oSide' undeclared (first use in this function); did you mean 'pSide'?
     oSide = get_calibrated_prox(offSide);
     ^~~~~
     pSide
main.c:30:33: error: 'offSide' undeclared (first use in this function); did you mean 'oSide'?
     oSide = get_calibrated_prox(offSide);
                                 ^~~~~~~
                                 oSide
main.c:31:5: error: 'pCorner' undeclared (first use in this function)
     pCorner = get_calibrated_prox(prefCorner);
     ^~~~~~~
main.c:31:35: error: 'prefCorner' undeclared (first use in this function); did you mean 'pCorner'?
     pCorner = get_calibrated_prox(prefCorner);
                                   ^~~~~~~~~~
                                   pCorner
main.c:32:5: error: 'oCorner' undeclared (first use in this function); did you mean 'pCorner'?
     oCorner = get_calibrated_prox(offCorner);
     ^~~~~~~
     pCorner
main.c:32:35: error: 'offCorner' undeclared (first use in this function); did you mean 'oCorner'?
     oCorner = get_calibrated_prox(offCorner);
                                   ^~~~~~~~~
                                   oCorner
main.c:33:5: error: 'pFront' undeclared (first use in this function); did you mean 'chroot'?
     pFront = get_calibrated_prox(prefFront);
     ^~~~~~
     chroot
main.c:33:34: error: 'prefFront' undeclared (first use in this function); did you mean 'pFront'?
     pFront = get_calibrated_prox(prefFront);
                                  ^~~~~~~~~
                                  pFront
main.c:34:5: error: 'oFront' undeclared (first use in this function); did you mean 'pFront'?
     oFront = get_calibrated_prox(offFront);
     ^~~~~~
     pFront
main.c:34:34: error: 'offFront' undeclared (first use in this function); did you mean 'oFront'?
     oFront = get_calibrated_prox(offFront);
                                  ^~~~~~~~
                                  oFront
main.c:35:15: error: 'minirread' undeclared (first use in this function)
     if (pSide<minirread){
               ^~~~~~~~~
main.c:37:5: error: 'wheelRatio' undeclared (first use in this function)
     wheelRatio = 0.9;
     ^~~~~~~~~~
main.c:38:22: error: 'maxirread' undeclared (first use in this function); did you mean 'minirread'?
    } else if ((pSide>maxirread && oSide<maxirread) || (pCorner>maxirread && oCorner<maxirread)){
                      ^~~~~~~~~
                      minirread
main.c:46:33: error: 'followSide' undeclared (first use in this function); did you mean 'offSide'?
     left_motor_set_speed(-500 * followSide);
                                 ^~~~~~~~~~
                                 offSide
main.c:65:15: error: 'followside' undeclared (first use in this function); did you mean 'followSide'?
    } else if (followside ==1){
               ^~~~~~~~~~
               followSide
main.c: In function 'main':
main.c:188:4: error: 'prefBack' undeclared (first use in this function); did you mean 'prefSide'?
    prefBack = 3;
    ^~~~~~~~
    prefSide
main.c:192:4: error: 'offBack' undeclared (first use in this function); did you mean 'prefBack'?
    offBack = 4;
    ^~~~~~~
    prefBack
main.c:227:17: warning: implicit declaration of function 'delay_ms' [-Wimplicit-function-declaration]
                 delay_ms(500); // rotate for a certain amount of time
                 ^~~~~~~~
main.c:255:21: error: 'followside' undeclared (first use in this function); did you mean 'followSide'?
                     followside = 0; // ignore these two
                     ^~~~~~~~~~
                     followSide
main.c:130:9: warning: unused variable 'oFront' [-Wunused-variable]
     int oFront;
         ^~~~~~
main.c:129:9: warning: unused variable 'pFront' [-Wunused-variable]
     int pFront;
         ^~~~~~
main.c:128:9: warning: unused variable 'oCorner' [-Wunused-variable]
     int oCorner;
         ^~~~~~~
main.c:127:9: warning: unused variable 'pCorner' [-Wunused-variable]
     int pCorner;
         ^~~~~~~
main.c:126:9: warning: unused variable 'oSide' [-Wunused-variable]
     int oSide;
         ^~~~~
main.c:125:9: warning: unused variable 'pSide' [-Wunused-variable]
     int pSide;
         ^~~~~
main.c:123:11: warning: unused variable 'wheelRatio' [-Wunused-variable]
     float wheelRatio = 1;
           ^~~~~~~~~~
main.c:121:9: warning: unused variable 'minirread' [-Wunused-variable]
     int minirread = 50;
         ^~~~~~~~~
main.c:120:9: warning: unused variable 'maxirread' [-Wunused-variable]
     int maxirread = 300;
         ^~~~~~~~~
main.c:118:9: warning: variable 'offFront' set but not used [-Wunused-but-set-variable]
     int offFront;
         ^~~~~~~~
main.c:117:9: warning: variable 'prefFront' set but not used [-Wunused-but-set-variable]
     int prefFront;
         ^~~~~~~~~
main.c:116:9: warning: variable 'offCorner' set but not used [-Wunused-but-set-variable]
     int offCorner;
         ^~~~~~~~~
main.c:115:9: warning: variable 'prefCorner' set but not used [-Wunused-but-set-variable]
     int prefCorner;
         ^~~~~~~~~~
main.c:114:9: warning: variable 'offSide' set but not used [-Wunused-but-set-variable]
     int offSide;
         ^~~~~~~
main.c:113:9: warning: variable 'prefSide' set but not used [-Wunused-but-set-variable]
     int prefSide; // for which sensor is which once a wall follow side is decided - will be set during loop
         ^~~~~~~~
main.c:104:9: warning: variable 'SensorValue' set but not used [-Wunused-but-set-variable]
     int SensorValue[8];
         ^~~~~~~~~~~
main.c:95:17: warning: unused variable 'allRGBs' [-Wunused-variable]
  rgb_led_name_t allRGBs[] = {LED2, LED4, LED6, LED8};
                 ^~~~~~~
main.c: At top level:
main.c:277:1: error: expected identifier or '(' before '}' token
 }   // int min void end
 ^
make: *** [../e-puck2_main-processor/ChibiOS//os/common/ports/ARMCMx/compilers/GCC/rules.mk:217: build/obj/main.o] Error 1
"make all" terminated with exit code 2. Build might be incomplete.
13:34:16 **** Incremental Build of configuration Default for project Project ****
make all 
[1;34mCompiling main.c[0m
main.c:27:6: warning: function declaration isn't a prototype [-Wstrict-prototypes]
 void follow_wall(){
      ^~~~~~~~~~~
main.c: In function 'follow_wall':
main.c:29:5: error: 'pSide' undeclared (first use in this function); did you mean 'pipe'?
     pSide = get_calibrated_prox(prefSide); // these need mapping to a certain sensor based on which side is currently being followed
     ^~~~~
     pipe
main.c:29:5: note: each undeclared identifier is reported only once for each function it appears in
main.c:29:33: error: 'prefSide' undeclared (first use in this function); did you mean 'pSide'?
     pSide = get_calibrated_prox(prefSide); // these need mapping to a certain sensor based on which side is currently being followed
                                 ^~~~~~~~
                                 pSide
main.c:30:5: error: 'oSide' undeclared (first use in this function); did you mean 'pSide'?
     oSide = get_calibrated_prox(offSide);
     ^~~~~
     pSide
main.c:30:33: error: 'offSide' undeclared (first use in this function); did you mean 'oSide'?
     oSide = get_calibrated_prox(offSide);
                                 ^~~~~~~
                                 oSide
main.c:31:5: error: 'pCorner' undeclared (first use in this function)
     pCorner = get_calibrated_prox(prefCorner);
     ^~~~~~~
main.c:31:35: error: 'prefCorner' undeclared (first use in this function); did you mean 'pCorner'?
     pCorner = get_calibrated_prox(prefCorner);
                                   ^~~~~~~~~~
                                   pCorner
main.c:32:5: error: 'oCorner' undeclared (first use in this function); did you mean 'pCorner'?
     oCorner = get_calibrated_prox(offCorner);
     ^~~~~~~
     pCorner
main.c:32:35: error: 'offCorner' undeclared (first use in this function); did you mean 'oCorner'?
     oCorner = get_calibrated_prox(offCorner);
                                   ^~~~~~~~~
                                   oCorner
main.c:33:5: error: 'pFront' undeclared (first use in this function); did you mean 'chroot'?
     pFront = get_calibrated_prox(prefFront);
     ^~~~~~
     chroot
main.c:33:34: error: 'prefFront' undeclared (first use in this function); did you mean 'pFront'?
     pFront = get_calibrated_prox(prefFront);
                                  ^~~~~~~~~
                                  pFront
main.c:34:5: error: 'oFront' undeclared (first use in this function); did you mean 'pFront'?
     oFront = get_calibrated_prox(offFront);
     ^~~~~~
     pFront
main.c:34:34: error: 'offFront' undeclared (first use in this function); did you mean 'oFront'?
     oFront = get_calibrated_prox(offFront);
                                  ^~~~~~~~
                                  oFront
main.c:35:15: error: 'minirread' undeclared (first use in this function)
     if (pSide<minirread){
               ^~~~~~~~~
main.c:37:5: error: 'wheelRatio' undeclared (first use in this function)
     wheelRatio = 0.9;
     ^~~~~~~~~~
main.c:38:22: error: 'maxirread' undeclared (first use in this function); did you mean 'minirread'?
    } else if ((pSide>maxirread && oSide<maxirread) || (pCorner>maxirread && oCorner<maxirread)){
                      ^~~~~~~~~
                      minirread
main.c:46:33: error: 'followSide' undeclared (first use in this function); did you mean 'offSide'?
     left_motor_set_speed(-500 * followSide);
                                 ^~~~~~~~~~
                                 offSide
main.c:65:15: error: 'followside' undeclared (first use in this function); did you mean 'followSide'?
    } else if (followside ==1){
               ^~~~~~~~~~
               followSide
main.c: In function 'main':
main.c:188:4: error: 'prefBack' undeclared (first use in this function); did you mean 'prefSide'?
    prefBack = 3;
    ^~~~~~~~
    prefSide
main.c:192:4: error: 'offBack' undeclared (first use in this function); did you mean 'prefBack'?
    offBack = 4;
    ^~~~~~~
    prefBack
main.c:227:17: warning: implicit declaration of function 'delay_ms' [-Wimplicit-function-declaration]
                 delay_ms(500); // rotate for a certain amount of time
                 ^~~~~~~~
main.c:255:21: error: 'followside' undeclared (first use in this function); did you mean 'followSide'?
                     followside = 0; // ignore these two
                     ^~~~~~~~~~
                     followSide
main.c:130:9: warning: unused variable 'oFront' [-Wunused-variable]
     int oFront;
         ^~~~~~
main.c:129:9: warning: unused variable 'pFront' [-Wunused-variable]
     int pFront;
         ^~~~~~
main.c:128:9: warning: unused variable 'oCorner' [-Wunused-variable]
     int oCorner;
         ^~~~~~~
main.c:127:9: warning: unused variable 'pCorner' [-Wunused-variable]
     int pCorner;
         ^~~~~~~
main.c:126:9: warning: unused variable 'oSide' [-Wunused-variable]
     int oSide;
         ^~~~~
main.c:125:9: warning: unused variable 'pSide' [-Wunused-variable]
     int pSide;
         ^~~~~
main.c:123:11: warning: unused variable 'wheelRatio' [-Wunused-variable]
     float wheelRatio = 1;
           ^~~~~~~~~~
main.c:121:9: warning: unused variable 'minirread' [-Wunused-variable]
     int minirread = 50;
         ^~~~~~~~~
main.c:120:9: warning: unused variable 'maxirread' [-Wunused-variable]
     int maxirread = 300;
         ^~~~~~~~~
main.c:118:9: warning: variable 'offFront' set but not used [-Wunused-but-set-variable]
     int offFront;
         ^~~~~~~~
main.c:117:9: warning: variable 'prefFront' set but not used [-Wunused-but-set-variable]
     int prefFront;
         ^~~~~~~~~
main.c:116:9: warning: variable 'offCorner' set but not used [-Wunused-but-set-variable]
     int offCorner;
         ^~~~~~~~~
main.c:115:9: warning: variable 'prefCorner' set but not used [-Wunused-but-set-variable]
     int prefCorner;
         ^~~~~~~~~~
main.c:114:9: warning: variable 'offSide' set but not used [-Wunused-but-set-variable]
     int offSide;
         ^~~~~~~
main.c:113:9: warning: variable 'prefSide' set but not used [-Wunused-but-set-variable]
     int prefSide; // for which sensor is which once a wall follow side is decided - will be set during loop
         ^~~~~~~~
main.c:104:9: warning: variable 'SensorValue' set but not used [-Wunused-but-set-variable]
     int SensorValue[8];
         ^~~~~~~~~~~
main.c:95:17: warning: unused variable 'allRGBs' [-Wunused-variable]
  rgb_led_name_t allRGBs[] = {LED2, LED4, LED6, LED8};
                 ^~~~~~~
main.c: At top level:
main.c:277:1: error: expected identifier or '(' before '}' token
 }   // int min void end
 ^
make: *** [../e-puck2_main-processor/ChibiOS//os/common/ports/ARMCMx/compilers/GCC/rules.mk:217: build/obj/main.o] Error 1
"make all" terminated with exit code 2. Build might be incomplete.
13:41:03 **** Incremental Build of configuration Default for project Project ****
make all 
[1;34mCompiling main.c[0m
main.c:27:6: warning: function declaration isn't a prototype [-Wstrict-prototypes]
 void follow_wall(){
      ^~~~~~~~~~~
main.c: In function 'follow_wall':
main.c:29:5: error: 'pSide' undeclared (first use in this function); did you mean 'pipe'?
     pSide = get_calibrated_prox(prefSide); // these need mapping to a certain sensor based on which side is currently being followed
     ^~~~~
     pipe
main.c:29:5: note: each undeclared identifier is reported only once for each function it appears in
main.c:29:33: error: 'prefSide' undeclared (first use in this function); did you mean 'pSide'?
     pSide = get_calibrated_prox(prefSide); // these need mapping to a certain sensor based on which side is currently being followed
                                 ^~~~~~~~
                                 pSide
main.c:30:5: error: 'oSide' undeclared (first use in this function); did you mean 'pSide'?
     oSide = get_calibrated_prox(offSide);
     ^~~~~
     pSide
main.c:30:33: error: 'offSide' undeclared (first use in this function); did you mean 'oSide'?
     oSide = get_calibrated_prox(offSide);
                                 ^~~~~~~
                                 oSide
main.c:31:5: error: 'pCorner' undeclared (first use in this function)
     pCorner = get_calibrated_prox(prefCorner);
     ^~~~~~~
main.c:31:35: error: 'prefCorner' undeclared (first use in this function); did you mean 'pCorner'?
     pCorner = get_calibrated_prox(prefCorner);
                                   ^~~~~~~~~~
                                   pCorner
main.c:32:5: error: 'oCorner' undeclared (first use in this function); did you mean 'pCorner'?
     oCorner = get_calibrated_prox(offCorner);
     ^~~~~~~
     pCorner
main.c:32:35: error: 'offCorner' undeclared (first use in this function); did you mean 'oCorner'?
     oCorner = get_calibrated_prox(offCorner);
                                   ^~~~~~~~~
                                   oCorner
main.c:33:5: error: 'pFront' undeclared (first use in this function); did you mean 'chroot'?
     pFront = get_calibrated_prox(prefFront);
     ^~~~~~
     chroot
main.c:33:34: error: 'prefFront' undeclared (first use in this function); did you mean 'pFront'?
     pFront = get_calibrated_prox(prefFront);
                                  ^~~~~~~~~
                                  pFront
main.c:34:5: error: 'oFront' undeclared (first use in this function); did you mean 'pFront'?
     oFront = get_calibrated_prox(offFront);
     ^~~~~~
     pFront
main.c:34:34: error: 'offFront' undeclared (first use in this function); did you mean 'oFront'?
     oFront = get_calibrated_prox(offFront);
                                  ^~~~~~~~
                                  oFront
main.c:35:15: error: 'minirread' undeclared (first use in this function)
     if (pSide<minirread){
               ^~~~~~~~~
main.c:37:5: error: 'wheelRatio' undeclared (first use in this function)
     wheelRatio = 0.75;
     ^~~~~~~~~~
main.c:38:22: error: 'maxirread' undeclared (first use in this function); did you mean 'minirread'?
    } else if ((pSide>maxirread && oSide<maxirread) || (pCorner>maxirread && oCorner<maxirread)){
                      ^~~~~~~~~
                      minirread
main.c:46:33: error: 'followSide' undeclared (first use in this function); did you mean 'offSide'?
     left_motor_set_speed(-500 * followSide);
                                 ^~~~~~~~~~
                                 offSide
main.c:65:15: error: 'followside' undeclared (first use in this function); did you mean 'followSide'?
    } else if (followside ==1){
               ^~~~~~~~~~
               followSide
main.c: In function 'main':
main.c:188:4: error: 'prefBack' undeclared (first use in this function); did you mean 'prefSide'?
    prefBack = 3;
    ^~~~~~~~
    prefSide
main.c:192:4: error: 'offBack' undeclared (first use in this function); did you mean 'prefBack'?
    offBack = 4;
    ^~~~~~~
    prefBack
main.c:229:17: warning: implicit declaration of function 'delay_ms' [-Wimplicit-function-declaration]
                 delay_ms(500); // rotate for a certain amount of time
                 ^~~~~~~~
main.c:257:21: error: 'followside' undeclared (first use in this function); did you mean 'followSide'?
                     followside = 0; // ignore these two
                     ^~~~~~~~~~
                     followSide
main.c:130:9: warning: unused variable 'oFront' [-Wunused-variable]
     int oFront;
         ^~~~~~
main.c:129:9: warning: unused variable 'pFront' [-Wunused-variable]
     int pFront;
         ^~~~~~
main.c:128:9: warning: unused variable 'oCorner' [-Wunused-variable]
     int oCorner;
         ^~~~~~~
main.c:127:9: warning: unused variable 'pCorner' [-Wunused-variable]
     int pCorner;
         ^~~~~~~
main.c:126:9: warning: unused variable 'oSide' [-Wunused-variable]
     int oSide;
         ^~~~~
main.c:125:9: warning: unused variable 'pSide' [-Wunused-variable]
     int pSide;
         ^~~~~
main.c:123:11: warning: unused variable 'wheelRatio' [-Wunused-variable]
     float wheelRatio = 1;
           ^~~~~~~~~~
main.c:121:9: warning: unused variable 'minirread' [-Wunused-variable]
     int minirread = 50;
         ^~~~~~~~~
main.c:120:9: warning: unused variable 'maxirread' [-Wunused-variable]
     int maxirread = 300;
         ^~~~~~~~~
main.c:118:9: warning: variable 'offFront' set but not used [-Wunused-but-set-variable]
     int offFront;
         ^~~~~~~~
main.c:117:9: warning: variable 'prefFront' set but not used [-Wunused-but-set-variable]
     int prefFront;
         ^~~~~~~~~
main.c:116:9: warning: variable 'offCorner' set but not used [-Wunused-but-set-variable]
     int offCorner;
         ^~~~~~~~~
main.c:115:9: warning: variable 'prefCorner' set but not used [-Wunused-but-set-variable]
     int prefCorner;
         ^~~~~~~~~~
main.c:114:9: warning: variable 'offSide' set but not used [-Wunused-but-set-variable]
     int offSide;
         ^~~~~~~
main.c:113:9: warning: variable 'prefSide' set but not used [-Wunused-but-set-variable]
     int prefSide; // for which sensor is which once a wall follow side is decided - will be set during loop
         ^~~~~~~~
main.c:104:9: warning: variable 'SensorValue' set but not used [-Wunused-but-set-variable]
     int SensorValue[8];
         ^~~~~~~~~~~
main.c:95:17: warning: unused variable 'allRGBs' [-Wunused-variable]
  rgb_led_name_t allRGBs[] = {LED2, LED4, LED6, LED8};
                 ^~~~~~~
main.c: At top level:
main.c:279:1: error: expected identifier or '(' before '}' token
 }   // int min void end
 ^
make: *** [../e-puck2_main-processor/ChibiOS//os/common/ports/ARMCMx/compilers/GCC/rules.mk:217: build/obj/main.o] Error 1
"make all" terminated with exit code 2. Build might be incomplete.
13:45:13 **** Incremental Build of configuration Default for project Project ****
make all 
[1;34mCompiling main.c[0m
main.c:27:6: warning: function declaration isn't a prototype [-Wstrict-prototypes]
 void follow_wall(){
      ^~~~~~~~~~~
main.c: In function 'follow_wall':
main.c:29:5: error: 'pSide' undeclared (first use in this function); did you mean 'pipe'?
     pSide = get_calibrated_prox(prefSide); // these need mapping to a certain sensor based on which side is currently being followed
     ^~~~~
     pipe
main.c:29:5: note: each undeclared identifier is reported only once for each function it appears in
main.c:29:33: error: 'prefSide' undeclared (first use in this function); did you mean 'pSide'?
     pSide = get_calibrated_prox(prefSide); // these need mapping to a certain sensor based on which side is currently being followed
                                 ^~~~~~~~
                                 pSide
main.c:30:5: error: 'oSide' undeclared (first use in this function); did you mean 'pSide'?
     oSide = get_calibrated_prox(offSide);
     ^~~~~
     pSide
main.c:30:33: error: 'offSide' undeclared (first use in this function); did you mean 'oSide'?
     oSide = get_calibrated_prox(offSide);
                                 ^~~~~~~
                                 oSide
main.c:31:5: error: 'pCorner' undeclared (first use in this function)
     pCorner = get_calibrated_prox(prefCorner);
     ^~~~~~~
main.c:31:35: error: 'prefCorner' undeclared (first use in this function); did you mean 'pCorner'?
     pCorner = get_calibrated_prox(prefCorner);
                                   ^~~~~~~~~~
                                   pCorner
main.c:32:5: error: 'oCorner' undeclared (first use in this function); did you mean 'pCorner'?
     oCorner = get_calibrated_prox(offCorner);
     ^~~~~~~
     pCorner
main.c:32:35: error: 'offCorner' undeclared (first use in this function); did you mean 'oCorner'?
     oCorner = get_calibrated_prox(offCorner);
                                   ^~~~~~~~~
                                   oCorner
main.c:33:5: error: 'pFront' undeclared (first use in this function); did you mean 'chroot'?
     pFront = get_calibrated_prox(prefFront);
     ^~~~~~
     chroot
main.c:33:34: error: 'prefFront' undeclared (first use in this function); did you mean 'pFront'?
     pFront = get_calibrated_prox(prefFront);
                                  ^~~~~~~~~
                                  pFront
main.c:34:5: error: 'oFront' undeclared (first use in this function); did you mean 'pFront'?
     oFront = get_calibrated_prox(offFront);
     ^~~~~~
     pFront
main.c:34:34: error: 'offFront' undeclared (first use in this function); did you mean 'oFront'?
     oFront = get_calibrated_prox(offFront);
                                  ^~~~~~~~
                                  oFront
main.c:35:15: error: 'minirread' undeclared (first use in this function)
     if (pSide<minirread){
               ^~~~~~~~~
main.c:37:5: error: 'wheelRatio' undeclared (first use in this function)
     wheelRatio = 0.75;
     ^~~~~~~~~~
main.c:38:22: error: 'maxirread' undeclared (first use in this function); did you mean 'minirread'?
    } else if ((pSide>maxirread && oSide<maxirread) || (pCorner>maxirread && oCorner<maxirread)){
                      ^~~~~~~~~
                      minirread
main.c:46:33: error: 'followSide' undeclared (first use in this function); did you mean 'offSide'?
     left_motor_set_speed(-500 * followSide);
                                 ^~~~~~~~~~
                                 offSide
main.c:65:15: error: 'followside' undeclared (first use in this function); did you mean 'followSide'?
    } else if (followside ==1){
               ^~~~~~~~~~
               followSide
main.c: In function 'main':
main.c:188:4: error: 'prefBack' undeclared (first use in this function); did you mean 'prefSide'?
    prefBack = 3;
    ^~~~~~~~
    prefSide
main.c:192:4: error: 'offBack' undeclared (first use in this function); did you mean 'prefBack'?
    offBack = 4;
    ^~~~~~~
    prefBack
main.c:231:17: warning: implicit declaration of function 'delay_ms' [-Wimplicit-function-declaration]
                 delay_ms(500); // rotate for a certain amount of time
                 ^~~~~~~~
main.c:259:21: error: 'followside' undeclared (first use in this function); did you mean 'followSide'?
                     followside = 0; // ignore these two
                     ^~~~~~~~~~
                     followSide
main.c:130:9: warning: unused variable 'oFront' [-Wunused-variable]
     int oFront;
         ^~~~~~
main.c:129:9: warning: unused variable 'pFront' [-Wunused-variable]
     int pFront;
         ^~~~~~
main.c:128:9: warning: unused variable 'oCorner' [-Wunused-variable]
     int oCorner;
         ^~~~~~~
main.c:127:9: warning: unused variable 'pCorner' [-Wunused-variable]
     int pCorner;
         ^~~~~~~
main.c:126:9: warning: unused variable 'oSide' [-Wunused-variable]
     int oSide;
         ^~~~~
main.c:125:9: warning: unused variable 'pSide' [-Wunused-variable]
     int pSide;
         ^~~~~
main.c:123:11: warning: unused variable 'wheelRatio' [-Wunused-variable]
     float wheelRatio = 1;
           ^~~~~~~~~~
main.c:121:9: warning: unused variable 'minirread' [-Wunused-variable]
     int minirread = 50;
         ^~~~~~~~~
main.c:120:9: warning: unused variable 'maxirread' [-Wunused-variable]
     int maxirread = 300;
         ^~~~~~~~~
main.c:118:9: warning: variable 'offFront' set but not used [-Wunused-but-set-variable]
     int offFront;
         ^~~~~~~~
main.c:117:9: warning: variable 'prefFront' set but not used [-Wunused-but-set-variable]
     int prefFront;
         ^~~~~~~~~
main.c:116:9: warning: variable 'offCorner' set but not used [-Wunused-but-set-variable]
     int offCorner;
         ^~~~~~~~~
main.c:115:9: warning: variable 'prefCorner' set but not used [-Wunused-but-set-variable]
     int prefCorner;
         ^~~~~~~~~~
main.c:114:9: warning: variable 'offSide' set but not used [-Wunused-but-set-variable]
     int offSide;
         ^~~~~~~
main.c:113:9: warning: variable 'prefSide' set but not used [-Wunused-but-set-variable]
     int prefSide; // for which sensor is which once a wall follow side is decided - will be set during loop
         ^~~~~~~~
main.c:104:9: warning: variable 'SensorValue' set but not used [-Wunused-but-set-variable]
     int SensorValue[8];
         ^~~~~~~~~~~
main.c:95:17: warning: unused variable 'allRGBs' [-Wunused-variable]
  rgb_led_name_t allRGBs[] = {LED2, LED4, LED6, LED8};
                 ^~~~~~~
main.c: At top level:
main.c:281:1: error: expected identifier or '(' before '}' token
 }   // int min void end
 ^
make: *** [../e-puck2_main-processor/ChibiOS//os/common/ports/ARMCMx/compilers/GCC/rules.mk:217: build/obj/main.o] Error 1
"make all" terminated with exit code 2. Build might be incomplete.
13:49:35 **** Incremental Build of configuration Default for project Project ****
make all 
[1;34mCompiling main.c[0m
main.c:27:6: warning: function declaration isn't a prototype [-Wstrict-prototypes]
 void follow_wall(){
      ^~~~~~~~~~~
main.c: In function 'follow_wall':
main.c:29:5: error: 'pSide' undeclared (first use in this function); did you mean 'pipe'?
     pSide = get_calibrated_prox(prefSide); // these need mapping to a certain sensor based on which side is currently being followed
     ^~~~~
     pipe
main.c:29:5: note: each undeclared identifier is reported only once for each function it appears in
main.c:29:33: error: 'prefSide' undeclared (first use in this function); did you mean 'pSide'?
     pSide = get_calibrated_prox(prefSide); // these need mapping to a certain sensor based on which side is currently being followed
                                 ^~~~~~~~
                                 pSide
main.c:30:5: error: 'oSide' undeclared (first use in this function); did you mean 'pSide'?
     oSide = get_calibrated_prox(offSide);
     ^~~~~
     pSide
main.c:30:33: error: 'offSide' undeclared (first use in this function); did you mean 'oSide'?
     oSide = get_calibrated_prox(offSide);
                                 ^~~~~~~
                                 oSide
main.c:31:5: error: 'pCorner' undeclared (first use in this function)
     pCorner = get_calibrated_prox(prefCorner);
     ^~~~~~~
main.c:31:35: error: 'prefCorner' undeclared (first use in this function); did you mean 'pCorner'?
     pCorner = get_calibrated_prox(prefCorner);
                                   ^~~~~~~~~~
                                   pCorner
main.c:32:5: error: 'oCorner' undeclared (first use in this function); did you mean 'pCorner'?
     oCorner = get_calibrated_prox(offCorner);
     ^~~~~~~
     pCorner
main.c:32:35: error: 'offCorner' undeclared (first use in this function); did you mean 'oCorner'?
     oCorner = get_calibrated_prox(offCorner);
                                   ^~~~~~~~~
                                   oCorner
main.c:33:5: error: 'pFront' undeclared (first use in this function); did you mean 'chroot'?
     pFront = get_calibrated_prox(prefFront);
     ^~~~~~
     chroot
main.c:33:34: error: 'prefFront' undeclared (first use in this function); did you mean 'pFront'?
     pFront = get_calibrated_prox(prefFront);
                                  ^~~~~~~~~
                                  pFront
main.c:34:5: error: 'oFront' undeclared (first use in this function); did you mean 'pFront'?
     oFront = get_calibrated_prox(offFront);
     ^~~~~~
     pFront
main.c:34:34: error: 'offFront' undeclared (first use in this function); did you mean 'oFront'?
     oFront = get_calibrated_prox(offFront);
                                  ^~~~~~~~
                                  oFront
main.c:35:15: error: 'minirread' undeclared (first use in this function)
     if (pSide<minirread){
               ^~~~~~~~~
main.c:37:5: error: 'wheelRatio' undeclared (first use in this function)
     wheelRatio = 0.75;
     ^~~~~~~~~~
main.c:38:22: error: 'naxirread' undeclared (first use in this function); did you mean 'minirread'?
    } else if ((pSide>naxirread) || (pCorner>maxirread )){
                      ^~~~~~~~~
                      minirread
main.c:38:45: error: 'maxirread' undeclared (first use in this function); did you mean 'naxirread'?
    } else if ((pSide>naxirread) || (pCorner>maxirread )){
                                             ^~~~~~~~~
                                             naxirread
main.c:46:33: error: 'followSide' undeclared (first use in this function); did you mean 'offSide'?
     left_motor_set_speed(-500 * followSide);
                                 ^~~~~~~~~~
                                 offSide
main.c:65:15: error: 'followside' undeclared (first use in this function); did you mean 'followSide'?
    } else if (followside ==1){
               ^~~~~~~~~~
               followSide
main.c: In function 'main':
main.c:188:4: error: 'prefBack' undeclared (first use in this function); did you mean 'prefSide'?
    prefBack = 3;
    ^~~~~~~~
    prefSide
main.c:192:4: error: 'offBack' undeclared (first use in this function); did you mean 'prefBack'?
    offBack = 4;
    ^~~~~~~
    prefBack
main.c:231:17: warning: implicit declaration of function 'delay_ms' [-Wimplicit-function-declaration]
                 delay_ms(500); // rotate for a certain amount of time
                 ^~~~~~~~
main.c:259:21: error: 'followside' undeclared (first use in this function); did you mean 'followSide'?
                     followside = 0; // ignore these two
                     ^~~~~~~~~~
                     followSide
main.c:130:9: warning: unused variable 'oFront' [-Wunused-variable]
     int oFront;
         ^~~~~~
main.c:129:9: warning: unused variable 'pFront' [-Wunused-variable]
     int pFront;
         ^~~~~~
main.c:128:9: warning: unused variable 'oCorner' [-Wunused-variable]
     int oCorner;
         ^~~~~~~
main.c:127:9: warning: unused variable 'pCorner' [-Wunused-variable]
     int pCorner;
         ^~~~~~~
main.c:126:9: warning: unused variable 'oSide' [-Wunused-variable]
     int oSide;
         ^~~~~
main.c:125:9: warning: unused variable 'pSide' [-Wunused-variable]
     int pSide;
         ^~~~~
main.c:123:11: warning: unused variable 'wheelRatio' [-Wunused-variable]
     float wheelRatio = 1;
           ^~~~~~~~~~
main.c:121:9: warning: unused variable 'minirread' [-Wunused-variable]
     int minirread = 50;
         ^~~~~~~~~
main.c:120:9: warning: unused variable 'maxirread' [-Wunused-variable]
     int maxirread = 300;
         ^~~~~~~~~
main.c:118:9: warning: variable 'offFront' set but not used [-Wunused-but-set-variable]
     int offFront;
         ^~~~~~~~
main.c:117:9: warning: variable 'prefFront' set but not used [-Wunused-but-set-variable]
     int prefFront;
         ^~~~~~~~~
main.c:116:9: warning: variable 'offCorner' set but not used [-Wunused-but-set-variable]
     int offCorner;
         ^~~~~~~~~
main.c:115:9: warning: variable 'prefCorner' set but not used [-Wunused-but-set-variable]
     int prefCorner;
         ^~~~~~~~~~
main.c:114:9: warning: variable 'offSide' set but not used [-Wunused-but-set-variable]
     int offSide;
         ^~~~~~~
main.c:113:9: warning: variable 'prefSide' set but not used [-Wunused-but-set-variable]
     int prefSide; // for which sensor is which once a wall follow side is decided - will be set during loop
         ^~~~~~~~
main.c:104:9: warning: variable 'SensorValue' set but not used [-Wunused-but-set-variable]
     int SensorValue[8];
         ^~~~~~~~~~~
main.c:95:17: warning: unused variable 'allRGBs' [-Wunused-variable]
  rgb_led_name_t allRGBs[] = {LED2, LED4, LED6, LED8};
                 ^~~~~~~
main.c: At top level:
main.c:281:1: error: expected identifier or '(' before '}' token
 }   // int min void end
 ^
make: *** [../e-puck2_main-processor/ChibiOS//os/common/ports/ARMCMx/compilers/GCC/rules.mk:217: build/obj/main.o] Error 1
"make all" terminated with exit code 2. Build might be incomplete.
13:54:04 **** Incremental Build of configuration Default for project Project ****
make all 
[1;34mCompiling main.c[0m
main.c:27:6: warning: function declaration isn't a prototype [-Wstrict-prototypes]
 void follow_wall(){
      ^~~~~~~~~~~
main.c: In function 'follow_wall':
main.c:29:5: error: 'pSide' undeclared (first use in this function); did you mean 'pipe'?
     pSide = get_calibrated_prox(prefSide); // these need mapping to a certain sensor based on which side is currently being followed
     ^~~~~
     pipe
main.c:29:5: note: each undeclared identifier is reported only once for each function it appears in
main.c:29:33: error: 'prefSide' undeclared (first use in this function); did you mean 'pSide'?
     pSide = get_calibrated_prox(prefSide); // these need mapping to a certain sensor based on which side is currently being followed
                                 ^~~~~~~~
                                 pSide
main.c:30:5: error: 'oSide' undeclared (first use in this function); did you mean 'pSide'?
     oSide = get_calibrated_prox(offSide);
     ^~~~~
     pSide
main.c:30:33: error: 'offSide' undeclared (first use in this function); did you mean 'oSide'?
     oSide = get_calibrated_prox(offSide);
                                 ^~~~~~~
                                 oSide
main.c:31:5: error: 'pCorner' undeclared (first use in this function)
     pCorner = get_calibrated_prox(prefCorner);
     ^~~~~~~
main.c:31:35: error: 'prefCorner' undeclared (first use in this function); did you mean 'pCorner'?
     pCorner = get_calibrated_prox(prefCorner);
                                   ^~~~~~~~~~
                                   pCorner
main.c:32:5: error: 'oCorner' undeclared (first use in this function); did you mean 'pCorner'?
     oCorner = get_calibrated_prox(offCorner);
     ^~~~~~~
     pCorner
main.c:32:35: error: 'offCorner' undeclared (first use in this function); did you mean 'oCorner'?
     oCorner = get_calibrated_prox(offCorner);
                                   ^~~~~~~~~
                                   oCorner
main.c:33:5: error: 'pFront' undeclared (first use in this function); did you mean 'chroot'?
     pFront = get_calibrated_prox(prefFront);
     ^~~~~~
     chroot
main.c:33:34: error: 'prefFront' undeclared (first use in this function); did you mean 'pFront'?
     pFront = get_calibrated_prox(prefFront);
                                  ^~~~~~~~~
                                  pFront
main.c:34:5: error: 'oFront' undeclared (first use in this function); did you mean 'pFront'?
     oFront = get_calibrated_prox(offFront);
     ^~~~~~
     pFront
main.c:34:34: error: 'offFront' undeclared (first use in this function); did you mean 'oFront'?
     oFront = get_calibrated_prox(offFront);
                                  ^~~~~~~~
                                  oFront
main.c:35:15: error: 'minirread' undeclared (first use in this function)
     if (pSide<minirread){
               ^~~~~~~~~
main.c:37:5: error: 'wheelRatio' undeclared (first use in this function)
     wheelRatio = 0.75;
     ^~~~~~~~~~
main.c:38:22: error: 'naxirread' undeclared (first use in this function); did you mean 'minirread'?
    } else if ((pSide>naxirread) || (pCorner>maxirread )){
                      ^~~~~~~~~
                      minirread
main.c:38:45: error: 'maxirread' undeclared (first use in this function); did you mean 'naxirread'?
    } else if ((pSide>naxirread) || (pCorner>maxirread )){
                                             ^~~~~~~~~
                                             naxirread
main.c:46:33: error: 'followSide' undeclared (first use in this function); did you mean 'offSide'?
     left_motor_set_speed(-500 * followSide);
                                 ^~~~~~~~~~
                                 offSide
main.c:65:15: error: 'followside' undeclared (first use in this function); did you mean 'followSide'?
    } else if (followside ==1){
               ^~~~~~~~~~
               followSide
main.c: In function 'main':
main.c:188:4: error: 'prefBack' undeclared (first use in this function); did you mean 'prefSide'?
    prefBack = 3;
    ^~~~~~~~
    prefSide
main.c:192:4: error: 'offBack' undeclared (first use in this function); did you mean 'prefBack'?
    offBack = 4;
    ^~~~~~~
    prefBack
main.c:231:17: warning: implicit declaration of function 'delay_ms' [-Wimplicit-function-declaration]
                 delay_ms(500); // rotate for a certain amount of time
                 ^~~~~~~~
main.c:259:21: error: 'followside' undeclared (first use in this function); did you mean 'followSide'?
                     followside = 0; // ignore these two
                     ^~~~~~~~~~
                     followSide
main.c:130:9: warning: unused variable 'oFront' [-Wunused-variable]
     int oFront;
         ^~~~~~
main.c:129:9: warning: unused variable 'pFront' [-Wunused-variable]
     int pFront;
         ^~~~~~
main.c:128:9: warning: unused variable 'oCorner' [-Wunused-variable]
     int oCorner;
         ^~~~~~~
main.c:127:9: warning: unused variable 'pCorner' [-Wunused-variable]
     int pCorner;
         ^~~~~~~
main.c:126:9: warning: unused variable 'oSide' [-Wunused-variable]
     int oSide;
         ^~~~~
main.c:125:9: warning: unused variable 'pSide' [-Wunused-variable]
     int pSide;
         ^~~~~
main.c:123:11: warning: unused variable 'wheelRatio' [-Wunused-variable]
     float wheelRatio = 1;
           ^~~~~~~~~~
main.c:121:9: warning: unused variable 'minirread' [-Wunused-variable]
     int minirread = 50;
         ^~~~~~~~~
main.c:120:9: warning: unused variable 'maxirread' [-Wunused-variable]
     int maxirread = 300;
         ^~~~~~~~~
main.c:118:9: warning: variable 'offFront' set but not used [-Wunused-but-set-variable]
     int offFront;
         ^~~~~~~~
main.c:117:9: warning: variable 'prefFront' set but not used [-Wunused-but-set-variable]
     int prefFront;
         ^~~~~~~~~
main.c:116:9: warning: variable 'offCorner' set but not used [-Wunused-but-set-variable]
     int offCorner;
         ^~~~~~~~~
main.c:115:9: warning: variable 'prefCorner' set but not used [-Wunused-but-set-variable]
     int prefCorner;
         ^~~~~~~~~~
main.c:114:9: warning: variable 'offSide' set but not used [-Wunused-but-set-variable]
     int offSide;
         ^~~~~~~
main.c:113:9: warning: variable 'prefSide' set but not used [-Wunused-but-set-variable]
     int prefSide; // for which sensor is which once a wall follow side is decided - will be set during loop
         ^~~~~~~~
main.c:104:9: warning: variable 'SensorValue' set but not used [-Wunused-but-set-variable]
     int SensorValue[8];
         ^~~~~~~~~~~
main.c:95:17: warning: unused variable 'allRGBs' [-Wunused-variable]
  rgb_led_name_t allRGBs[] = {LED2, LED4, LED6, LED8};
                 ^~~~~~~
main.c: At top level:
main.c:282:1: error: expected identifier or '(' before '}' token
 }   // int min void end
 ^
make: *** [../e-puck2_main-processor/ChibiOS//os/common/ports/ARMCMx/compilers/GCC/rules.mk:217: build/obj/main.o] Error 1
"make all" terminated with exit code 2. Build might be incomplete.
13:56:23 **** Incremental Build of configuration Default for project Project ****
make all 
[1;34mCompiling main.c[0m
main.c:27:6: warning: function declaration isn't a prototype [-Wstrict-prototypes]
 void follow_wall(){
      ^~~~~~~~~~~
main.c: In function 'follow_wall':
main.c:29:5: error: 'pSide' undeclared (first use in this function); did you mean 'pipe'?
     pSide = get_calibrated_prox(prefSide); // these need mapping to a certain sensor based on which side is currently being followed
     ^~~~~
     pipe
main.c:29:5: note: each undeclared identifier is reported only once for each function it appears in
main.c:29:33: error: 'prefSide' undeclared (first use in this function); did you mean 'pSide'?
     pSide = get_calibrated_prox(prefSide); // these need mapping to a certain sensor based on which side is currently being followed
                                 ^~~~~~~~
                                 pSide
main.c:30:5: error: 'oSide' undeclared (first use in this function); did you mean 'pSide'?
     oSide = get_calibrated_prox(offSide);
     ^~~~~
     pSide
main.c:30:33: error: 'offSide' undeclared (first use in this function); did you mean 'oSide'?
     oSide = get_calibrated_prox(offSide);
                                 ^~~~~~~
                                 oSide
main.c:31:5: error: 'pCorner' undeclared (first use in this function)
     pCorner = get_calibrated_prox(prefCorner);
     ^~~~~~~
main.c:31:35: error: 'prefCorner' undeclared (first use in this function); did you mean 'pCorner'?
     pCorner = get_calibrated_prox(prefCorner);
                                   ^~~~~~~~~~
                                   pCorner
main.c:32:5: error: 'oCorner' undeclared (first use in this function); did you mean 'pCorner'?
     oCorner = get_calibrated_prox(offCorner);
     ^~~~~~~
     pCorner
main.c:32:35: error: 'offCorner' undeclared (first use in this function); did you mean 'oCorner'?
     oCorner = get_calibrated_prox(offCorner);
                                   ^~~~~~~~~
                                   oCorner
main.c:33:5: error: 'pFront' undeclared (first use in this function); did you mean 'chroot'?
     pFront = get_calibrated_prox(prefFront);
     ^~~~~~
     chroot
main.c:33:34: error: 'prefFront' undeclared (first use in this function); did you mean 'pFront'?
     pFront = get_calibrated_prox(prefFront);
                                  ^~~~~~~~~
                                  pFront
main.c:34:5: error: 'oFront' undeclared (first use in this function); did you mean 'pFront'?
     oFront = get_calibrated_prox(offFront);
     ^~~~~~
     pFront
main.c:34:34: error: 'offFront' undeclared (first use in this function); did you mean 'oFront'?
     oFront = get_calibrated_prox(offFront);
                                  ^~~~~~~~
                                  oFront
main.c:35:15: error: 'minirread' undeclared (first use in this function)
     if (pSide<minirread){
               ^~~~~~~~~
main.c:37:5: error: 'wheelRatio' undeclared (first use in this function)
     wheelRatio = 0.75;
     ^~~~~~~~~~
main.c:38:22: error: 'naxirread' undeclared (first use in this function); did you mean 'minirread'?
    } else if ((pSide>naxirread) || (pCorner>maxirread )){
                      ^~~~~~~~~
                      minirread
main.c:38:45: error: 'maxirread' undeclared (first use in this function); did you mean 'naxirread'?
    } else if ((pSide>naxirread) || (pCorner>maxirread )){
                                             ^~~~~~~~~
                                             naxirread
main.c:46:33: error: 'followSide' undeclared (first use in this function); did you mean 'offSide'?
     left_motor_set_speed(-500 * followSide);
                                 ^~~~~~~~~~
                                 offSide
main.c:65:15: error: 'followside' undeclared (first use in this function); did you mean 'followSide'?
    } else if (followside ==1){
               ^~~~~~~~~~
               followSide
main.c: In function 'main':
main.c:188:4: error: 'prefBack' undeclared (first use in this function); did you mean 'prefSide'?
    prefBack = 3;
    ^~~~~~~~
    prefSide
main.c:192:4: error: 'offBack' undeclared (first use in this function); did you mean 'prefBack'?
    offBack = 4;
    ^~~~~~~
    prefBack
main.c:231:17: warning: implicit declaration of function 'delay_ms' [-Wimplicit-function-declaration]
                 delay_ms(1000); // rotate for a certain amount of time
                 ^~~~~~~~
main.c:259:21: error: 'followside' undeclared (first use in this function); did you mean 'followSide'?
                     followside = 0; // ignore these two
                     ^~~~~~~~~~
                     followSide
main.c:130:9: warning: unused variable 'oFront' [-Wunused-variable]
     int oFront;
         ^~~~~~
main.c:129:9: warning: unused variable 'pFront' [-Wunused-variable]
     int pFront;
         ^~~~~~
main.c:128:9: warning: unused variable 'oCorner' [-Wunused-variable]
     int oCorner;
         ^~~~~~~
main.c:127:9: warning: unused variable 'pCorner' [-Wunused-variable]
     int pCorner;
         ^~~~~~~
main.c:126:9: warning: unused variable 'oSide' [-Wunused-variable]
     int oSide;
         ^~~~~
main.c:125:9: warning: unused variable 'pSide' [-Wunused-variable]
     int pSide;
         ^~~~~
main.c:123:11: warning: unused variable 'wheelRatio' [-Wunused-variable]
     float wheelRatio = 1;
           ^~~~~~~~~~
main.c:121:9: warning: unused variable 'minirread' [-Wunused-variable]
     int minirread = 50;
         ^~~~~~~~~
main.c:120:9: warning: unused variable 'maxirread' [-Wunused-variable]
     int maxirread = 300;
         ^~~~~~~~~
main.c:118:9: warning: variable 'offFront' set but not used [-Wunused-but-set-variable]
     int offFront;
         ^~~~~~~~
main.c:117:9: warning: variable 'prefFront' set but not used [-Wunused-but-set-variable]
     int prefFront;
         ^~~~~~~~~
main.c:116:9: warning: variable 'offCorner' set but not used [-Wunused-but-set-variable]
     int offCorner;
         ^~~~~~~~~
main.c:115:9: warning: variable 'prefCorner' set but not used [-Wunused-but-set-variable]
     int prefCorner;
         ^~~~~~~~~~
main.c:114:9: warning: variable 'offSide' set but not used [-Wunused-but-set-variable]
     int offSide;
         ^~~~~~~
main.c:113:9: warning: variable 'prefSide' set but not used [-Wunused-but-set-variable]
     int prefSide; // for which sensor is which once a wall follow side is decided - will be set during loop
         ^~~~~~~~
main.c:104:9: warning: variable 'SensorValue' set but not used [-Wunused-but-set-variable]
     int SensorValue[8];
         ^~~~~~~~~~~
main.c:95:17: warning: unused variable 'allRGBs' [-Wunused-variable]
  rgb_led_name_t allRGBs[] = {LED2, LED4, LED6, LED8};
                 ^~~~~~~
main.c: At top level:
main.c:282:1: error: expected identifier or '(' before '}' token
 }   // int min void end
 ^
make: *** [../e-puck2_main-processor/ChibiOS//os/common/ports/ARMCMx/compilers/GCC/rules.mk:217: build/obj/main.o] Error 1
"make all" terminated with exit code 2. Build might be incomplete.
13:59:46 **** Incremental Build of configuration Default for project Project ****
make all 
[1;34mCompiling main.c[0m
main.c:27:6: warning: function declaration isn't a prototype [-Wstrict-prototypes]
 void follow_wall(){
      ^~~~~~~~~~~
main.c: In function 'follow_wall':
main.c:29:5: error: 'pSide' undeclared (first use in this function); did you mean 'pipe'?
     pSide = get_calibrated_prox(prefSide); // these need mapping to a certain sensor based on which side is currently being followed
     ^~~~~
     pipe
main.c:29:5: note: each undeclared identifier is reported only once for each function it appears in
main.c:29:33: error: 'prefSide' undeclared (first use in this function); did you mean 'pSide'?
[...]
                                   ^~~~~~~~~~
                                   pCorner
main.c:32:5: error: 'oCorner' undeclared (first use in this function); did you mean 'pCorner'?
     oCorner = get_calibrated_prox(offCorner);
     ^~~~~~~
     pCorner
main.c:32:35: error: 'offCorner' undeclared (first use in this function); did you mean 'oCorner'?
     oCorner = get_calibrated_prox(offCorner);
                                   ^~~~~~~~~
                                   oCorner
main.c:33:5: error: 'pFront' undeclared (first use in this function); did you mean 'chroot'?
     pFront = get_calibrated_prox(prefFront);
     ^~~~~~
     chroot
main.c:33:34: error: 'prefFront' undeclared (first use in this function); did you mean 'pFront'?
     pFront = get_calibrated_prox(prefFront);
                                  ^~~~~~~~~
                                  pFront
main.c:34:5: error: 'oFront' undeclared (first use in this function); did you mean 'pFront'?
     oFront = get_calibrated_prox(offFront);
     ^~~~~~
     pFront
main.c:34:34: error: 'offFront' undeclared (first use in this function); did you mean 'oFront'?
     oFront = get_calibrated_prox(offFront);
                                  ^~~~~~~~
                                  oFront
main.c:35:15: error: 'minirread' undeclared (first use in this function)
     if (pSide<minirread){
               ^~~~~~~~~
main.c:37:5: error: 'wheelRatio' undeclared (first use in this function)
     wheelRatio = 0.75;
     ^~~~~~~~~~
main.c:38:22: error: 'naxirread' undeclared (first use in this function); did you mean 'minirread'?
    } else if ((pSide>naxirread) || (pCorner>maxirread )){
                      ^~~~~~~~~
                      minirread
main.c:38:45: error: 'maxirread' undeclared (first use in this function); did you mean 'naxirread'?
    } else if ((pSide>naxirread) || (pCorner>maxirread )){
                                             ^~~~~~~~~
                                             naxirread
main.c:46:33: error: 'followSide' undeclared (first use in this function); did you mean 'offSide'?
     left_motor_set_speed(-500 * followSide);
                                 ^~~~~~~~~~
                                 offSide
main.c:65:15: error: 'followside' undeclared (first use in this function); did you mean 'followSide'?
    } else if (followside ==1){
               ^~~~~~~~~~
               followSide
main.c: In function 'main':
main.c:188:4: error: 'prefBack' undeclared (first use in this function); did you mean 'prefSide'?
    prefBack = 3;
    ^~~~~~~~
    prefSide
main.c:192:4: error: 'offBack' undeclared (first use in this function); did you mean 'prefBack'?
    offBack = 4;
    ^~~~~~~
    prefBack
main.c:228:29: error: 'followside' undeclared (first use in this function); did you mean 'followSide'?
                             followside = 0; // ignore these two
                             ^~~~~~~~~~
                             followSide
main.c:270:17: warning: implicit declaration of function 'delay_ms' [-Wimplicit-function-declaration]
                 delay_ms(1000); // rotate for a certain amount of time
                 ^~~~~~~~
main.c:130:9: warning: unused variable 'oFront' [-Wunused-variable]
     int oFront;
         ^~~~~~
main.c:129:9: warning: unused variable 'pFront' [-Wunused-variable]
     int pFront;
         ^~~~~~
main.c:128:9: warning: unused variable 'oCorner' [-Wunused-variable]
     int oCorner;
         ^~~~~~~
main.c:127:9: warning: unused variable 'pCorner' [-Wunused-variable]
     int pCorner;
         ^~~~~~~
main.c:126:9: warning: unused variable 'oSide' [-Wunused-variable]
     int oSide;
         ^~~~~
main.c:125:9: warning: unused variable 'pSide' [-Wunused-variable]
     int pSide;
         ^~~~~
main.c:123:11: warning: unused variable 'wheelRatio' [-Wunused-variable]
     float wheelRatio = 1;
           ^~~~~~~~~~
main.c:121:9: warning: unused variable 'minirread' [-Wunused-variable]
     int minirread = 50;
         ^~~~~~~~~
main.c:120:9: warning: unused variable 'maxirread' [-Wunused-variable]
     int maxirread = 300;
         ^~~~~~~~~
main.c:118:9: warning: variable 'offFront' set but not used [-Wunused-but-set-variable]
     int offFront;
         ^~~~~~~~
main.c:117:9: warning: variable 'prefFront' set but not used [-Wunused-but-set-variable]
     int prefFront;
         ^~~~~~~~~
main.c:116:9: warning: variable 'offCorner' set but not used [-Wunused-but-set-variable]
     int offCorner;
         ^~~~~~~~~
main.c:115:9: warning: variable 'prefCorner' set but not used [-Wunused-but-set-variable]
     int prefCorner;
         ^~~~~~~~~~
main.c:114:9: warning: variable 'offSide' set but not used [-Wunused-but-set-variable]
     int offSide;
         ^~~~~~~
main.c:113:9: warning: variable 'prefSide' set but not used [-Wunused-but-set-variable]
     int prefSide; // for which sensor is which once a wall follow side is decided - will be set during loop
         ^~~~~~~~
main.c:104:9: warning: variable 'SensorValue' set but not used [-Wunused-but-set-variable]
     int SensorValue[8];
         ^~~~~~~~~~~
main.c:95:17: warning: unused variable 'allRGBs' [-Wunused-variable]
  rgb_led_name_t allRGBs[] = {LED2, LED4, LED6, LED8};
                 ^~~~~~~
main.c: At top level:
main.c:286:1: error: expected identifier or '(' before '}' token
 }   // int min void end
 ^
make: *** [../e-puck2_main-processor/ChibiOS//os/common/ports/ARMCMx/compilers/GCC/rules.mk:217: build/obj/main.o] Error 1
"make all" terminated with exit code 2. Build might be incomplete.
14:08:37 **** Incremental Build of configuration Default for project Project ****
make all 
[1;34mCompiling main.c[0m
main.c:27:6: warning: function declaration isn't a prototype [-Wstrict-prototypes]
 void follow_wall(){
      ^~~~~~~~~~~
main.c: In function 'follow_wall':
main.c:29:5: error: 'pSide' undeclared (first use in this function); did you mean 'pipe'?
     pSide = get_calibrated_prox(prefSide); // these need mapping to a certain sensor based on which side is currently being followed
     ^~~~~
     pipe
main.c:29:5: note: each undeclared identifier is reported only once for each function it appears in
main.c:29:33: error: 'prefSide' undeclared (first use in this function); did you mean 'pSide'?
     pSide = get_calibrated_prox(prefSide); // these need mapping to a certain sensor based on which side is currently being followed
                                 ^~~~~~~~
                                 pSide
main.c:30:5: error: 'oSide' undeclared (first use in this function); did you mean 'pSide'?
     oSide = get_calibrated_prox(offSide);
     ^~~~~
     pSide
main.c:30:33: error: 'offSide' undeclared (first use in this function); did you mean 'oSide'?
     oSide = get_calibrated_prox(offSide);
                                 ^~~~~~~
                                 oSide
main.c:31:5: error: 'pCorner' undeclared (first use in this function)
     pCorner = get_calibrated_prox(prefCorner);
     ^~~~~~~
main.c:31:35: error: 'prefCorner' undeclared (first use in this function); did you mean 'pCorner'?
     pCorner = get_calibrated_prox(prefCorner);
                                   ^~~~~~~~~~
                                   pCorner
main.c:32:5: error: 'oCorner' undeclared (first use in this function); did you mean 'pCorner'?
     oCorner = get_calibrated_prox(offCorner);
     ^~~~~~~
     pCorner
main.c:32:35: error: 'offCorner' undeclared (first use in this function); did you mean 'oCorner'?
     oCorner = get_calibrated_prox(offCorner);
                                   ^~~~~~~~~
                                   oCorner
main.c:33:5: error: 'pFront' undeclared (first use in this function); did you mean 'chroot'?
     pFront = get_calibrated_prox(prefFront);
     ^~~~~~
     chroot
main.c:33:34: error: 'prefFront' undeclared (first use in this function); did you mean 'pFront'?
     pFront = get_calibrated_prox(prefFront);
                                  ^~~~~~~~~
                                  pFront
main.c:34:5: error: 'oFront' undeclared (first use in this function); did you mean 'pFront'?
     oFront = get_calibrated_prox(offFront);
     ^~~~~~
     pFront
main.c:34:34: error: 'offFront' undeclared (first use in this function); did you mean 'oFront'?
     oFront = get_calibrated_prox(offFront);
                                  ^~~~~~~~
                                  oFront
main.c:35:15: error: 'minirread' undeclared (first use in this function)
     if (pSide<minirread){
               ^~~~~~~~~
main.c:37:5: error: 'wheelRatio' undeclared (first use in this function)
     wheelRatio = 0.75;
     ^~~~~~~~~~
main.c:38:22: error: 'naxirread' undeclared (first use in this function); did you mean 'minirread'?
    } else if ((pSide>naxirread) || (pCorner>maxirread )){
                      ^~~~~~~~~
                      minirread
main.c:38:45: error: 'maxirread' undeclared (first use in this function); did you mean 'naxirread'?
    } else if ((pSide>naxirread) || (pCorner>maxirread )){
                                             ^~~~~~~~~
                                             naxirread
main.c:46:33: error: 'followSide' undeclared (first use in this function); did you mean 'offSide'?
     left_motor_set_speed(-500 * followSide);
                                 ^~~~~~~~~~
                                 offSide
main.c:65:15: error: 'followside' undeclared (first use in this function); did you mean 'followSide'?
    } else if (followside ==1){
               ^~~~~~~~~~
               followSide
main.c: In function 'main':
main.c:188:4: error: 'prefBack' undeclared (first use in this function); did you mean 'prefSide'?
    prefBack = 3;
    ^~~~~~~~
    prefSide
main.c:192:4: error: 'offBack' undeclared (first use in this function); did you mean 'prefBack'?
    offBack = 4;
    ^~~~~~~
    prefBack
main.c:229:29: error: 'followside' undeclared (first use in this function); did you mean 'followSide'?
                             followside = 0; // ignore these two
                             ^~~~~~~~~~
                             followSide
main.c:271:17: warning: implicit declaration of function 'delay_ms' [-Wimplicit-function-declaration]
                 delay_ms(1000); // rotate for a certain amount of time
                 ^~~~~~~~
main.c:130:9: warning: unused variable 'oFront' [-Wunused-variable]
     int oFront;
         ^~~~~~
main.c:129:9: warning: unused variable 'pFront' [-Wunused-variable]
     int pFront;
         ^~~~~~
main.c:128:9: warning: unused variable 'oCorner' [-Wunused-variable]
     int oCorner;
         ^~~~~~~
main.c:127:9: warning: unused variable 'pCorner' [-Wunused-variable]
     int pCorner;
         ^~~~~~~
main.c:126:9: warning: unused variable 'oSide' [-Wunused-variable]
     int oSide;
         ^~~~~
main.c:125:9: warning: unused variable 'pSide' [-Wunused-variable]
     int pSide;
         ^~~~~
main.c:123:11: warning: unused variable 'wheelRatio' [-Wunused-variable]
     float wheelRatio = 1;
           ^~~~~~~~~~
main.c:121:9: warning: unused variable 'minirread' [-Wunused-variable]
     int minirread = 50;
         ^~~~~~~~~
main.c:120:9: warning: unused variable 'maxirread' [-Wunused-variable]
     int maxirread = 300;
         ^~~~~~~~~
main.c:118:9: warning: variable 'offFront' set but not used [-Wunused-but-set-variable]
     int offFront;
         ^~~~~~~~
main.c:117:9: warning: variable 'prefFront' set but not used [-Wunused-but-set-variable]
     int prefFront;
         ^~~~~~~~~
main.c:116:9: warning: variable 'offCorner' set but not used [-Wunused-but-set-variable]
     int offCorner;
         ^~~~~~~~~
main.c:115:9: warning: variable 'prefCorner' set but not used [-Wunused-but-set-variable]
     int prefCorner;
         ^~~~~~~~~~
main.c:114:9: warning: variable 'offSide' set but not used [-Wunused-but-set-variable]
     int offSide;
         ^~~~~~~
main.c:113:9: warning: variable 'prefSide' set but not used [-Wunused-but-set-variable]
     int prefSide; // for which sensor is which once a wall follow side is decided - will be set during loop
         ^~~~~~~~
main.c:104:9: warning: variable 'SensorValue' set but not used [-Wunused-but-set-variable]
     int SensorValue[8];
         ^~~~~~~~~~~
main.c:95:17: warning: unused variable 'allRGBs' [-Wunused-variable]
  rgb_led_name_t allRGBs[] = {LED2, LED4, LED6, LED8};
                 ^~~~~~~
main.c: At top level:
main.c:287:1: error: expected identifier or '(' before '}' token
 }   // int min void end
 ^
make: *** [../e-puck2_main-processor/ChibiOS//os/common/ports/ARMCMx/compilers/GCC/rules.mk:217: build/obj/main.o] Error 1
"make all" terminated with exit code 2. Build might be incomplete.
14:11:49 **** Incremental Build of configuration Default for project Project ****
make all 
[1;34mCompiling main.c[0m
main.c: In function 'main':
main.c:141:4: error: 'prefBack' undeclared (first use in this function); did you mean 'prefSide'?
    prefBack = 3;
    ^~~~~~~~
    prefSide
main.c:141:4: note: each undeclared identifier is reported only once for each function it appears in
main.c:145:4: error: 'offBack' undeclared (first use in this function); did you mean 'prefBack'?
    offBack = 4;
    ^~~~~~~
    prefBack
main.c:182:29: error: 'followside' undeclared (first use in this function); did you mean 'followSide'?
                             followside = 0; // ignore these two
                             ^~~~~~~~~~
                             followSide
main.c:214:17: warning: implicit declaration of function 'delay_ms' [-Wimplicit-function-declaration]
                 delay_ms(1000); // rotate for a certain amount of time
                 ^~~~~~~~
main.c:88:9: warning: unused variable 'followDuration' [-Wunused-variable]
     int followDuration = 1200; // steps before wall follow mode ends
         ^~~~~~~~~~~~~~
main.c:87:9: warning: unused variable 'followCounter' [-Wunused-variable]
     int followCounter =0; //counts steps taken during wall following
         ^~~~~~~~~~~~~
main.c:86:10: warning: unused variable 'wallsexplored' [-Wunused-variable]
     bool wallsexplored = 1; // flicks to 1 (true) after doing a lap around the walls
          ^~~~~~~~~~~~~
main.c:83:9: warning: unused variable 'oFront' [-Wunused-variable]
     int oFront;
         ^~~~~~
main.c:82:9: warning: unused variable 'pFront' [-Wunused-variable]
     int pFront;
         ^~~~~~
main.c:81:9: warning: unused variable 'oCorner' [-Wunused-variable]
     int oCorner;
         ^~~~~~~
main.c:80:9: warning: unused variable 'pCorner' [-Wunused-variable]
     int pCorner;
         ^~~~~~~
main.c:79:9: warning: unused variable 'oSide' [-Wunused-variable]
     int oSide;
         ^~~~~
main.c:78:9: warning: unused variable 'pSide' [-Wunused-variable]
     int pSide;
         ^~~~~
main.c:76:11: warning: unused variable 'wheelRatio' [-Wunused-variable]
     float wheelRatio = 1;
           ^~~~~~~~~~
main.c:74:9: warning: unused variable 'minirread' [-Wunused-variable]
     int minirread = 50;
         ^~~~~~~~~
main.c:73:9: warning: unused variable 'maxirread' [-Wunused-variable]
     int maxirread = 300;
         ^~~~~~~~~
main.c:71:9: warning: variable 'offFront' set but not used [-Wunused-but-set-variable]
     int offFront;
         ^~~~~~~~
main.c:70:9: warning: variable 'prefFront' set but not used [-Wunused-but-set-variable]
     int prefFront;
         ^~~~~~~~~
main.c:69:9: warning: variable 'offCorner' set but not used [-Wunused-but-set-variable]
     int offCorner;
         ^~~~~~~~~
main.c:68:9: warning: variable 'prefCorner' set but not used [-Wunused-but-set-variable]
     int prefCorner;
         ^~~~~~~~~~
main.c:67:9: warning: variable 'offSide' set but not used [-Wunused-but-set-variable]
     int offSide;
         ^~~~~~~
main.c:66:9: warning: variable 'prefSide' set but not used [-Wunused-but-set-variable]
     int prefSide; // for which sensor is which once a wall follow side is decided - will be set during loop
         ^~~~~~~~
main.c:57:9: warning: variable 'SensorValue' set but not used [-Wunused-but-set-variable]
     int SensorValue[8];
         ^~~~~~~~~~~
main.c:48:17: warning: unused variable 'allRGBs' [-Wunused-variable]
  rgb_led_name_t allRGBs[] = {LED2, LED4, LED6, LED8};
                 ^~~~~~~
make: *** [../e-puck2_main-processor/ChibiOS//os/common/ports/ARMCMx/compilers/GCC/rules.mk:217: build/obj/main.o] Error 1
"make all" terminated with exit code 2. Build might be incomplete.
14:15:42 **** Incremental Build of configuration Default for project Project ****
make all 
[1;34mCompiling main.c[0m
main.c: In function 'main':
main.c:144:29: error: 'followside' undeclared (first use in this function); did you mean 'followSide'?
                             followside = 0; // ignore these two
                             ^~~~~~~~~~
                             followSide
main.c:144:29: note: each undeclared identifier is reported only once for each function it appears in
main.c:176:17: warning: implicit declaration of function 'delay_ms' [-Wimplicit-function-declaration]
                 delay_ms(1000); // rotate for a certain amount of time
                 ^~~~~~~~
main.c:88:9: warning: unused variable 'followDuration' [-Wunused-variable]
     int followDuration = 1200; // steps before wall follow mode ends
         ^~~~~~~~~~~~~~
main.c:87:9: warning: unused variable 'followCounter' [-Wunused-variable]
     int followCounter =0; //counts steps taken during wall following
         ^~~~~~~~~~~~~
main.c:86:10: warning: unused variable 'wallsexplored' [-Wunused-variable]
     bool wallsexplored = 1; // flicks to 1 (true) after doing a lap around the walls
          ^~~~~~~~~~~~~
main.c:83:9: warning: unused variable 'oFront' [-Wunused-variable]
     int oFront;
         ^~~~~~
main.c:82:9: warning: unused variable 'pFront' [-Wunused-variable]
     int pFront;
         ^~~~~~
main.c:81:9: warning: unused variable 'oCorner' [-Wunused-variable]
     int oCorner;
         ^~~~~~~
main.c:80:9: warning: unused variable 'pCorner' [-Wunused-variable]
     int pCorner;
         ^~~~~~~
main.c:79:9: warning: unused variable 'oSide' [-Wunused-variable]
     int oSide;
         ^~~~~
main.c:78:9: warning: unused variable 'pSide' [-Wunused-variable]
     int pSide;
         ^~~~~
main.c:76:11: warning: unused variable 'wheelRatio' [-Wunused-variable]
     float wheelRatio = 1;
           ^~~~~~~~~~
main.c:74:9: warning: unused variable 'minirread' [-Wunused-variable]
     int minirread = 50;
         ^~~~~~~~~
main.c:73:9: warning: unused variable 'maxirread' [-Wunused-variable]
     int maxirread = 300;
         ^~~~~~~~~
main.c:71:9: warning: unused variable 'offFront' [-Wunused-variable]
     int offFront;
         ^~~~~~~~
main.c:70:9: warning: unused variable 'prefFront' [-Wunused-variable]
     int prefFront;
         ^~~~~~~~~
main.c:69:9: warning: unused variable 'offCorner' [-Wunused-variable]
     int offCorner;
         ^~~~~~~~~
main.c:68:9: warning: unused variable 'prefCorner' [-Wunused-variable]
     int prefCorner;
         ^~~~~~~~~~
main.c:67:9: warning: unused variable 'offSide' [-Wunused-variable]
     int offSide;
         ^~~~~~~
main.c:66:9: warning: unused variable 'prefSide' [-Wunused-variable]
     int prefSide; // for which sensor is which once a wall follow side is decided - will be set during loop
         ^~~~~~~~
main.c:57:9: warning: variable 'SensorValue' set but not used [-Wunused-but-set-variable]
     int SensorValue[8];
         ^~~~~~~~~~~
main.c:48:17: warning: unused variable 'allRGBs' [-Wunused-variable]
  rgb_led_name_t allRGBs[] = {LED2, LED4, LED6, LED8};
                 ^~~~~~~
main.c: At top level:
main.c:192:1: error: expected identifier or '(' before '}' token
 }   // int min void end
 ^
make: *** [../e-puck2_main-processor/ChibiOS//os/common/ports/ARMCMx/compilers/GCC/rules.mk:217: build/obj/main.o] Error 1
"make all" terminated with exit code 2. Build might be incomplete.
